[2025-12-14T00:31:05.303+0000] {local_task_job_runner.py:123} INFO - ::group::Pre task execution logs
[2025-12-14T00:31:05.318+0000] {taskinstance.py:2613} INFO - Dependencies all met for dep_context=non-requeueable deps ti=<TaskInstance: socar_seismic_etl.extract_from_vault manual__2025-12-14T00:01:25+00:00 [queued]>
[2025-12-14T00:31:05.323+0000] {taskinstance.py:2613} INFO - Dependencies all met for dep_context=requeueable deps ti=<TaskInstance: socar_seismic_etl.extract_from_vault manual__2025-12-14T00:01:25+00:00 [queued]>
[2025-12-14T00:31:05.323+0000] {taskinstance.py:2866} INFO - Starting attempt 3 of 4
[2025-12-14T00:31:05.331+0000] {taskinstance.py:2889} INFO - Executing <Task(PythonOperator): extract_from_vault> on 2025-12-14 00:01:25+00:00
[2025-12-14T00:31:05.337+0000] {standard_task_runner.py:72} INFO - Started process 346 to run task
[2025-12-14T00:31:05.339+0000] {standard_task_runner.py:104} INFO - Running: ['***', 'tasks', 'run', 'socar_seismic_etl', 'extract_from_vault', 'manual__2025-12-14T00:01:25+00:00', '--job-id', '21', '--raw', '--subdir', 'DAGS_FOLDER/socar_seismic_etl.py', '--cfg-path', '/tmp/tmpok_coudb']
[2025-12-14T00:31:05.341+0000] {standard_task_runner.py:105} INFO - Job 21: Subtask extract_from_vault
[2025-12-14T00:31:05.381+0000] {task_command.py:467} INFO - Running <TaskInstance: socar_seismic_etl.extract_from_vault manual__2025-12-14T00:01:25+00:00 [running]> on host a965f30939f8
[2025-12-14T00:31:05.457+0000] {taskinstance.py:3132} INFO - Exporting env vars: AIRFLOW_CTX_DAG_OWNER='socar-hackathon' AIRFLOW_CTX_DAG_ID='socar_seismic_etl' AIRFLOW_CTX_TASK_ID='extract_from_vault' AIRFLOW_CTX_EXECUTION_DATE='2025-12-14T00:01:25+00:00' AIRFLOW_CTX_TRY_NUMBER='3' AIRFLOW_CTX_DAG_RUN_ID='manual__2025-12-14T00:01:25+00:00'
[2025-12-14T00:31:05.458+0000] {taskinstance.py:731} INFO - ::endgroup::
[2025-12-14T00:31:05.473+0000] {logging_mixin.py:190} INFO - ======================================================================
[2025-12-14T00:31:05.473+0000] {logging_mixin.py:190} INFO - EXTRACT: Loading from Data Vault
[2025-12-14T00:31:05.473+0000] {logging_mixin.py:190} INFO - ======================================================================
[2025-12-14T00:31:05.638+0000] {logging_mixin.py:190} INFO - ✓ Loaded 10,820 measurements
[2025-12-14T00:31:05.638+0000] {logging_mixin.py:190} INFO - ✓ Loaded 20 wells
[2025-12-14T00:31:05.651+0000] {logging_mixin.py:190} INFO - ======================================================================
[2025-12-14T00:31:05.652+0000] {python.py:240} INFO - Done. Returned value was: {'measurements': 10820, 'wells': 20}
[2025-12-14T00:31:05.680+0000] {taskinstance.py:340} INFO - ::group::Post task execution logs
[2025-12-14T00:31:05.680+0000] {taskinstance.py:352} INFO - Marking task as SUCCESS. dag_id=socar_seismic_etl, task_id=extract_from_vault, run_id=manual__2025-12-14T00:01:25+00:00, execution_date=20251214T000125, start_date=20251214T003105, end_date=20251214T003105
[2025-12-14T00:31:05.713+0000] {local_task_job_runner.py:266} INFO - Task exited with return code 0
[2025-12-14T00:31:05.735+0000] {taskinstance.py:3895} INFO - 1 downstream tasks scheduled from follow-on schedule check
[2025-12-14T00:31:05.737+0000] {local_task_job_runner.py:245} INFO - ::endgroup::
