[2025-12-14T00:32:06.604+0000] {local_task_job_runner.py:123} INFO - ::group::Pre task execution logs
[2025-12-14T00:32:06.619+0000] {taskinstance.py:2613} INFO - Dependencies all met for dep_context=non-requeueable deps ti=<TaskInstance: socar_seismic_etl.load_to_json scheduled__2025-12-13T00:00:00+00:00 [queued]>
[2025-12-14T00:32:06.624+0000] {taskinstance.py:2613} INFO - Dependencies all met for dep_context=requeueable deps ti=<TaskInstance: socar_seismic_etl.load_to_json scheduled__2025-12-13T00:00:00+00:00 [queued]>
[2025-12-14T00:32:06.624+0000] {taskinstance.py:2866} INFO - Starting attempt 1 of 3
[2025-12-14T00:32:06.634+0000] {taskinstance.py:2889} INFO - Executing <Task(PythonOperator): load_to_json> on 2025-12-13 00:00:00+00:00
[2025-12-14T00:32:06.641+0000] {standard_task_runner.py:72} INFO - Started process 245 to run task
[2025-12-14T00:32:06.645+0000] {standard_task_runner.py:104} INFO - Running: ['***', 'tasks', 'run', 'socar_seismic_etl', 'load_to_json', 'scheduled__2025-12-13T00:00:00+00:00', '--job-id', '63', '--raw', '--subdir', 'DAGS_FOLDER/socar_seismic_etl.py', '--cfg-path', '/tmp/tmp3ttufw76']
[2025-12-14T00:32:06.647+0000] {standard_task_runner.py:105} INFO - Job 63: Subtask load_to_json
[2025-12-14T00:32:06.701+0000] {task_command.py:467} INFO - Running <TaskInstance: socar_seismic_etl.load_to_json scheduled__2025-12-13T00:00:00+00:00 [running]> on host a965f30939f8
[2025-12-14T00:32:06.786+0000] {taskinstance.py:3132} INFO - Exporting env vars: AIRFLOW_CTX_DAG_OWNER='socar-hackathon' AIRFLOW_CTX_DAG_ID='socar_seismic_etl' AIRFLOW_CTX_TASK_ID='load_to_json' AIRFLOW_CTX_EXECUTION_DATE='2025-12-13T00:00:00+00:00' AIRFLOW_CTX_TRY_NUMBER='1' AIRFLOW_CTX_DAG_RUN_ID='scheduled__2025-12-13T00:00:00+00:00'
[2025-12-14T00:32:06.787+0000] {taskinstance.py:731} INFO - ::endgroup::
[2025-12-14T00:32:06.797+0000] {logging_mixin.py:190} INFO - ======================================================================
[2025-12-14T00:32:06.797+0000] {logging_mixin.py:190} INFO - LOAD: JSON Export
[2025-12-14T00:32:06.797+0000] {logging_mixin.py:190} INFO - ======================================================================
[2025-12-14T00:32:07.009+0000] {logging_mixin.py:190} INFO - ✓ Exported 20 wells
[2025-12-14T00:32:07.009+0000] {logging_mixin.py:190} INFO -   File: /opt/***/data/exports/well_analytics_20251214.json
[2025-12-14T00:32:07.009+0000] {logging_mixin.py:190} INFO - ======================================================================
[2025-12-14T00:32:07.010+0000] {python.py:240} INFO - Done. Returned value was: /opt/***/data/exports/well_analytics_20251214.json
[2025-12-14T00:32:07.036+0000] {taskinstance.py:340} INFO - ::group::Post task execution logs
[2025-12-14T00:32:07.036+0000] {taskinstance.py:352} INFO - Marking task as SUCCESS. dag_id=socar_seismic_etl, task_id=load_to_json, run_id=scheduled__2025-12-13T00:00:00+00:00, execution_date=20251213T000000, start_date=20251214T003206, end_date=20251214T003207
[2025-12-14T00:32:07.098+0000] {local_task_job_runner.py:266} INFO - Task exited with return code 0
[2025-12-14T00:32:07.119+0000] {taskinstance.py:3895} INFO - 0 downstream tasks scheduled from follow-on schedule check
[2025-12-14T00:32:07.121+0000] {local_task_job_runner.py:245} INFO - ::endgroup::
[2025-12-14T06:35:47.135+0000] {local_task_job_runner.py:123} INFO - ::group::Pre task execution logs
[2025-12-14T06:35:47.152+0000] {taskinstance.py:2613} INFO - Dependencies all met for dep_context=non-requeueable deps ti=<TaskInstance: socar_seismic_etl.load_to_json scheduled__2025-12-13T00:00:00+00:00 [queued]>
[2025-12-14T06:35:47.158+0000] {taskinstance.py:2613} INFO - Dependencies all met for dep_context=requeueable deps ti=<TaskInstance: socar_seismic_etl.load_to_json scheduled__2025-12-13T00:00:00+00:00 [queued]>
[2025-12-14T06:35:47.158+0000] {taskinstance.py:2866} INFO - Starting attempt 1 of 3
[2025-12-14T06:35:47.169+0000] {taskinstance.py:2889} INFO - Executing <Task(PythonOperator): load_to_json> on 2025-12-13 00:00:00+00:00
[2025-12-14T06:35:47.175+0000] {standard_task_runner.py:72} INFO - Started process 251 to run task
[2025-12-14T06:35:47.181+0000] {standard_task_runner.py:104} INFO - Running: ['***', 'tasks', 'run', 'socar_seismic_etl', 'load_to_json', 'scheduled__2025-12-13T00:00:00+00:00', '--job-id', '4', '--raw', '--subdir', 'DAGS_FOLDER/socar_seismic_etl.py', '--cfg-path', '/tmp/tmpcpt93n3v']
[2025-12-14T06:35:47.185+0000] {standard_task_runner.py:105} INFO - Job 4: Subtask load_to_json
[2025-12-14T06:35:47.237+0000] {task_command.py:467} INFO - Running <TaskInstance: socar_seismic_etl.load_to_json scheduled__2025-12-13T00:00:00+00:00 [running]> on host 5d99be263929
[2025-12-14T06:35:47.321+0000] {taskinstance.py:3132} INFO - Exporting env vars: AIRFLOW_CTX_DAG_OWNER='socar-hackathon' AIRFLOW_CTX_DAG_ID='socar_seismic_etl' AIRFLOW_CTX_TASK_ID='load_to_json' AIRFLOW_CTX_EXECUTION_DATE='2025-12-13T00:00:00+00:00' AIRFLOW_CTX_TRY_NUMBER='1' AIRFLOW_CTX_DAG_RUN_ID='scheduled__2025-12-13T00:00:00+00:00'
[2025-12-14T06:35:47.322+0000] {taskinstance.py:731} INFO - ::endgroup::
[2025-12-14T06:35:47.545+0000] {logging_mixin.py:190} INFO - ======================================================================
[2025-12-14T06:35:47.545+0000] {logging_mixin.py:190} INFO - LOAD: JSON Export
[2025-12-14T06:35:47.545+0000] {logging_mixin.py:190} INFO - ======================================================================
[2025-12-14T06:35:47.565+0000] {logging_mixin.py:190} INFO - ✓ Exported 20 wells
[2025-12-14T06:35:47.566+0000] {logging_mixin.py:190} INFO -   File: /opt/***/data/exports/well_analytics_20251214.json
[2025-12-14T06:35:47.566+0000] {logging_mixin.py:190} INFO - ======================================================================
[2025-12-14T06:35:47.566+0000] {python.py:240} INFO - Done. Returned value was: /opt/***/data/exports/well_analytics_20251214.json
[2025-12-14T06:35:47.593+0000] {taskinstance.py:340} INFO - ::group::Post task execution logs
[2025-12-14T06:35:47.593+0000] {taskinstance.py:352} INFO - Marking task as SUCCESS. dag_id=socar_seismic_etl, task_id=load_to_json, run_id=scheduled__2025-12-13T00:00:00+00:00, execution_date=20251213T000000, start_date=20251214T063547, end_date=20251214T063547
[2025-12-14T06:35:47.633+0000] {local_task_job_runner.py:266} INFO - Task exited with return code 0
[2025-12-14T06:35:47.644+0000] {local_task_job_runner.py:245} INFO - ::endgroup::
