[2025-12-14T00:31:21.499+0000] {local_task_job_runner.py:123} INFO - ::group::Pre task execution logs
[2025-12-14T00:31:21.514+0000] {taskinstance.py:2613} INFO - Dependencies all met for dep_context=non-requeueable deps ti=<TaskInstance: socar_seismic_etl.transform_data manual__2025-12-14T00:09:47+00:00 [queued]>
[2025-12-14T00:31:21.519+0000] {taskinstance.py:2613} INFO - Dependencies all met for dep_context=requeueable deps ti=<TaskInstance: socar_seismic_etl.transform_data manual__2025-12-14T00:09:47+00:00 [queued]>
[2025-12-14T00:31:21.519+0000] {taskinstance.py:2866} INFO - Starting attempt 1 of 3
[2025-12-14T00:31:21.527+0000] {taskinstance.py:2889} INFO - Executing <Task(PythonOperator): transform_data> on 2025-12-14 00:09:47+00:00
[2025-12-14T00:31:21.533+0000] {standard_task_runner.py:72} INFO - Started process 616 to run task
[2025-12-14T00:31:21.536+0000] {standard_task_runner.py:104} INFO - Running: ['***', 'tasks', 'run', 'socar_seismic_etl', 'transform_data', 'manual__2025-12-14T00:09:47+00:00', '--job-id', '40', '--raw', '--subdir', 'DAGS_FOLDER/socar_seismic_etl.py', '--cfg-path', '/tmp/tmp1ugx9guh']
[2025-12-14T00:31:21.537+0000] {standard_task_runner.py:105} INFO - Job 40: Subtask transform_data
[2025-12-14T00:31:21.577+0000] {task_command.py:467} INFO - Running <TaskInstance: socar_seismic_etl.transform_data manual__2025-12-14T00:09:47+00:00 [running]> on host a965f30939f8
[2025-12-14T00:31:21.656+0000] {taskinstance.py:3132} INFO - Exporting env vars: AIRFLOW_CTX_DAG_OWNER='socar-hackathon' AIRFLOW_CTX_DAG_ID='socar_seismic_etl' AIRFLOW_CTX_TASK_ID='transform_data' AIRFLOW_CTX_EXECUTION_DATE='2025-12-14T00:09:47+00:00' AIRFLOW_CTX_TRY_NUMBER='1' AIRFLOW_CTX_DAG_RUN_ID='manual__2025-12-14T00:09:47+00:00'
[2025-12-14T00:31:21.657+0000] {taskinstance.py:731} INFO - ::endgroup::
[2025-12-14T00:31:21.666+0000] {logging_mixin.py:190} INFO - ======================================================================
[2025-12-14T00:31:21.666+0000] {logging_mixin.py:190} INFO - TRANSFORM: Processing Data
[2025-12-14T00:31:21.666+0000] {logging_mixin.py:190} INFO - ======================================================================
[2025-12-14T00:31:21.841+0000] {logging_mixin.py:190} INFO - ✓ Detected 0 anomalies (0.00%)
[2025-12-14T00:31:21.850+0000] {logging_mixin.py:190} INFO - ✓ Processed 20 wells
[2025-12-14T00:31:21.862+0000] {logging_mixin.py:190} INFO - ======================================================================
[2025-12-14T00:31:21.862+0000] {python.py:240} INFO - Done. Returned value was: {'wells_processed': 20, 'anomalies_found': 0}
[2025-12-14T00:31:21.887+0000] {taskinstance.py:340} INFO - ::group::Post task execution logs
[2025-12-14T00:31:21.887+0000] {taskinstance.py:352} INFO - Marking task as SUCCESS. dag_id=socar_seismic_etl, task_id=transform_data, run_id=manual__2025-12-14T00:09:47+00:00, execution_date=20251214T000947, start_date=20251214T003121, end_date=20251214T003121
[2025-12-14T00:31:21.909+0000] {local_task_job_runner.py:266} INFO - Task exited with return code 0
[2025-12-14T00:31:21.931+0000] {taskinstance.py:3895} INFO - 3 downstream tasks scheduled from follow-on schedule check
[2025-12-14T00:31:21.933+0000] {local_task_job_runner.py:245} INFO - ::endgroup::
