[2025-12-14T00:32:06.604+0000] {local_task_job_runner.py:123} INFO - ::group::Pre task execution logs
[2025-12-14T00:32:06.620+0000] {taskinstance.py:2613} INFO - Dependencies all met for dep_context=non-requeueable deps ti=<TaskInstance: socar_seismic_etl.load_to_nosql scheduled__2025-12-13T00:00:00+00:00 [queued]>
[2025-12-14T00:32:06.625+0000] {taskinstance.py:2613} INFO - Dependencies all met for dep_context=requeueable deps ti=<TaskInstance: socar_seismic_etl.load_to_nosql scheduled__2025-12-13T00:00:00+00:00 [queued]>
[2025-12-14T00:32:06.625+0000] {taskinstance.py:2866} INFO - Starting attempt 1 of 3
[2025-12-14T00:32:06.635+0000] {taskinstance.py:2889} INFO - Executing <Task(PythonOperator): load_to_nosql> on 2025-12-13 00:00:00+00:00
[2025-12-14T00:32:06.641+0000] {standard_task_runner.py:72} INFO - Started process 244 to run task
[2025-12-14T00:32:06.646+0000] {standard_task_runner.py:104} INFO - Running: ['***', 'tasks', 'run', 'socar_seismic_etl', 'load_to_nosql', 'scheduled__2025-12-13T00:00:00+00:00', '--job-id', '62', '--raw', '--subdir', 'DAGS_FOLDER/socar_seismic_etl.py', '--cfg-path', '/tmp/tmp8ws8ppd9']
[2025-12-14T00:32:06.649+0000] {standard_task_runner.py:105} INFO - Job 62: Subtask load_to_nosql
[2025-12-14T00:32:06.702+0000] {task_command.py:467} INFO - Running <TaskInstance: socar_seismic_etl.load_to_nosql scheduled__2025-12-13T00:00:00+00:00 [running]> on host a965f30939f8
[2025-12-14T00:32:06.784+0000] {taskinstance.py:3132} INFO - Exporting env vars: AIRFLOW_CTX_DAG_OWNER='socar-hackathon' AIRFLOW_CTX_DAG_ID='socar_seismic_etl' AIRFLOW_CTX_TASK_ID='load_to_nosql' AIRFLOW_CTX_EXECUTION_DATE='2025-12-13T00:00:00+00:00' AIRFLOW_CTX_TRY_NUMBER='1' AIRFLOW_CTX_DAG_RUN_ID='scheduled__2025-12-13T00:00:00+00:00'
[2025-12-14T00:32:06.785+0000] {taskinstance.py:731} INFO - ::endgroup::
[2025-12-14T00:32:07.024+0000] {logging_mixin.py:190} INFO - ======================================================================
[2025-12-14T00:32:07.025+0000] {logging_mixin.py:190} INFO - LOAD: MongoDB
[2025-12-14T00:32:07.025+0000] {logging_mixin.py:190} INFO - ======================================================================
[2025-12-14T00:32:07.109+0000] {logging_mixin.py:190} INFO - ✓ Cleared 10000 old records
[2025-12-14T00:32:07.147+0000] {logging_mixin.py:190} INFO - ✓ Inserting 10,000 documents...
[2025-12-14T00:32:07.217+0000] {logging_mixin.py:190} INFO - ✓ Inserted 10,000 documents to MongoDB
[2025-12-14T00:32:07.217+0000] {logging_mixin.py:190} INFO -   Database: socar_seismic
[2025-12-14T00:32:07.217+0000] {logging_mixin.py:190} INFO -   Collection: measurements
[2025-12-14T00:32:07.217+0000] {logging_mixin.py:190} INFO - ======================================================================
[2025-12-14T00:32:07.220+0000] {python.py:240} INFO - Done. Returned value was: 10000
[2025-12-14T00:32:07.243+0000] {taskinstance.py:340} INFO - ::group::Post task execution logs
[2025-12-14T00:32:07.243+0000] {taskinstance.py:352} INFO - Marking task as SUCCESS. dag_id=socar_seismic_etl, task_id=load_to_nosql, run_id=scheduled__2025-12-13T00:00:00+00:00, execution_date=20251213T000000, start_date=20251214T003206, end_date=20251214T003207
[2025-12-14T00:32:07.299+0000] {local_task_job_runner.py:266} INFO - Task exited with return code 0
[2025-12-14T00:32:07.319+0000] {taskinstance.py:3895} INFO - 1 downstream tasks scheduled from follow-on schedule check
[2025-12-14T00:32:07.321+0000] {local_task_job_runner.py:245} INFO - ::endgroup::
[2025-12-14T06:35:47.135+0000] {local_task_job_runner.py:123} INFO - ::group::Pre task execution logs
[2025-12-14T06:35:47.152+0000] {taskinstance.py:2613} INFO - Dependencies all met for dep_context=non-requeueable deps ti=<TaskInstance: socar_seismic_etl.load_to_nosql scheduled__2025-12-13T00:00:00+00:00 [queued]>
[2025-12-14T06:35:47.157+0000] {taskinstance.py:2613} INFO - Dependencies all met for dep_context=requeueable deps ti=<TaskInstance: socar_seismic_etl.load_to_nosql scheduled__2025-12-13T00:00:00+00:00 [queued]>
[2025-12-14T06:35:47.157+0000] {taskinstance.py:2866} INFO - Starting attempt 1 of 3
[2025-12-14T06:35:47.168+0000] {taskinstance.py:2889} INFO - Executing <Task(PythonOperator): load_to_nosql> on 2025-12-13 00:00:00+00:00
[2025-12-14T06:35:47.174+0000] {standard_task_runner.py:72} INFO - Started process 252 to run task
[2025-12-14T06:35:47.179+0000] {standard_task_runner.py:104} INFO - Running: ['***', 'tasks', 'run', 'socar_seismic_etl', 'load_to_nosql', 'scheduled__2025-12-13T00:00:00+00:00', '--job-id', '5', '--raw', '--subdir', 'DAGS_FOLDER/socar_seismic_etl.py', '--cfg-path', '/tmp/tmpouyshgpv']
[2025-12-14T06:35:47.184+0000] {standard_task_runner.py:105} INFO - Job 5: Subtask load_to_nosql
[2025-12-14T06:35:47.234+0000] {task_command.py:467} INFO - Running <TaskInstance: socar_seismic_etl.load_to_nosql scheduled__2025-12-13T00:00:00+00:00 [running]> on host 5d99be263929
[2025-12-14T06:35:47.315+0000] {taskinstance.py:3132} INFO - Exporting env vars: AIRFLOW_CTX_DAG_OWNER='socar-hackathon' AIRFLOW_CTX_DAG_ID='socar_seismic_etl' AIRFLOW_CTX_TASK_ID='load_to_nosql' AIRFLOW_CTX_EXECUTION_DATE='2025-12-13T00:00:00+00:00' AIRFLOW_CTX_TRY_NUMBER='1' AIRFLOW_CTX_DAG_RUN_ID='scheduled__2025-12-13T00:00:00+00:00'
[2025-12-14T06:35:47.316+0000] {taskinstance.py:731} INFO - ::endgroup::
[2025-12-14T06:35:47.559+0000] {logging_mixin.py:190} INFO - ======================================================================
[2025-12-14T06:35:47.559+0000] {logging_mixin.py:190} INFO - LOAD: MongoDB
[2025-12-14T06:35:47.559+0000] {logging_mixin.py:190} INFO - ======================================================================
[2025-12-14T06:35:47.611+0000] {logging_mixin.py:190} INFO - ✓ Cleared 0 old records
[2025-12-14T06:35:47.649+0000] {logging_mixin.py:190} INFO - ✓ Inserting 10,000 documents...
[2025-12-14T06:35:47.743+0000] {logging_mixin.py:190} INFO - ✓ Inserted 10,000 documents to MongoDB
[2025-12-14T06:35:47.743+0000] {logging_mixin.py:190} INFO -   Database: socar_seismic
[2025-12-14T06:35:47.743+0000] {logging_mixin.py:190} INFO -   Collection: measurements
[2025-12-14T06:35:47.743+0000] {logging_mixin.py:190} INFO - ======================================================================
[2025-12-14T06:35:47.746+0000] {python.py:240} INFO - Done. Returned value was: 10000
[2025-12-14T06:35:47.770+0000] {taskinstance.py:340} INFO - ::group::Post task execution logs
[2025-12-14T06:35:47.770+0000] {taskinstance.py:352} INFO - Marking task as SUCCESS. dag_id=socar_seismic_etl, task_id=load_to_nosql, run_id=scheduled__2025-12-13T00:00:00+00:00, execution_date=20251213T000000, start_date=20251214T063547, end_date=20251214T063547
[2025-12-14T06:35:47.832+0000] {local_task_job_runner.py:266} INFO - Task exited with return code 0
[2025-12-14T06:35:47.852+0000] {taskinstance.py:3895} INFO - 1 downstream tasks scheduled from follow-on schedule check
[2025-12-14T06:35:47.854+0000] {local_task_job_runner.py:245} INFO - ::endgroup::
