[2025-12-14T00:31:10.343+0000] {local_task_job_runner.py:123} INFO - ::group::Pre task execution logs
[2025-12-14T00:31:10.358+0000] {taskinstance.py:2613} INFO - Dependencies all met for dep_context=non-requeueable deps ti=<TaskInstance: socar_seismic_etl.extract_from_vault manual__2025-12-13T23:58:42.599147+00:00 [queued]>
[2025-12-14T00:31:10.362+0000] {taskinstance.py:2613} INFO - Dependencies all met for dep_context=requeueable deps ti=<TaskInstance: socar_seismic_etl.extract_from_vault manual__2025-12-13T23:58:42.599147+00:00 [queued]>
[2025-12-14T00:31:10.363+0000] {taskinstance.py:2866} INFO - Starting attempt 2 of 4
[2025-12-14T00:31:10.371+0000] {taskinstance.py:2889} INFO - Executing <Task(PythonOperator): extract_from_vault> on 2025-12-13 23:58:42.599147+00:00
[2025-12-14T00:31:10.377+0000] {standard_task_runner.py:72} INFO - Started process 426 to run task
[2025-12-14T00:31:10.379+0000] {standard_task_runner.py:104} INFO - Running: ['***', 'tasks', 'run', 'socar_seismic_etl', 'extract_from_vault', 'manual__2025-12-13T23:58:42.599147+00:00', '--job-id', '27', '--raw', '--subdir', 'DAGS_FOLDER/socar_seismic_etl.py', '--cfg-path', '/tmp/tmpmtqqvee1']
[2025-12-14T00:31:10.381+0000] {standard_task_runner.py:105} INFO - Job 27: Subtask extract_from_vault
[2025-12-14T00:31:10.425+0000] {task_command.py:467} INFO - Running <TaskInstance: socar_seismic_etl.extract_from_vault manual__2025-12-13T23:58:42.599147+00:00 [running]> on host a965f30939f8
[2025-12-14T00:31:10.505+0000] {taskinstance.py:3132} INFO - Exporting env vars: AIRFLOW_CTX_DAG_OWNER='socar-hackathon' AIRFLOW_CTX_DAG_ID='socar_seismic_etl' AIRFLOW_CTX_TASK_ID='extract_from_vault' AIRFLOW_CTX_EXECUTION_DATE='2025-12-13T23:58:42.599147+00:00' AIRFLOW_CTX_TRY_NUMBER='2' AIRFLOW_CTX_DAG_RUN_ID='manual__2025-12-13T23:58:42.599147+00:00'
[2025-12-14T00:31:10.505+0000] {taskinstance.py:731} INFO - ::endgroup::
[2025-12-14T00:31:10.520+0000] {logging_mixin.py:190} INFO - ======================================================================
[2025-12-14T00:31:10.520+0000] {logging_mixin.py:190} INFO - EXTRACT: Loading from Data Vault
[2025-12-14T00:31:10.520+0000] {logging_mixin.py:190} INFO - ======================================================================
[2025-12-14T00:31:10.692+0000] {logging_mixin.py:190} INFO - ✓ Loaded 10,820 measurements
[2025-12-14T00:31:10.693+0000] {logging_mixin.py:190} INFO - ✓ Loaded 20 wells
[2025-12-14T00:31:10.706+0000] {logging_mixin.py:190} INFO - ======================================================================
[2025-12-14T00:31:10.706+0000] {python.py:240} INFO - Done. Returned value was: {'measurements': 10820, 'wells': 20}
[2025-12-14T00:31:10.731+0000] {taskinstance.py:340} INFO - ::group::Post task execution logs
[2025-12-14T00:31:10.731+0000] {taskinstance.py:352} INFO - Marking task as SUCCESS. dag_id=socar_seismic_etl, task_id=extract_from_vault, run_id=manual__2025-12-13T23:58:42.599147+00:00, execution_date=20251213T235842, start_date=20251214T003110, end_date=20251214T003110
[2025-12-14T00:31:10.793+0000] {local_task_job_runner.py:266} INFO - Task exited with return code 0
[2025-12-14T00:31:10.815+0000] {taskinstance.py:3895} INFO - 1 downstream tasks scheduled from follow-on schedule check
[2025-12-14T00:31:10.817+0000] {local_task_job_runner.py:245} INFO - ::endgroup::
