[2025-12-14T00:31:17.501+0000] {local_task_job_runner.py:123} INFO - ::group::Pre task execution logs
[2025-12-14T00:31:17.518+0000] {taskinstance.py:2613} INFO - Dependencies all met for dep_context=non-requeueable deps ti=<TaskInstance: socar_seismic_etl.load_to_sql manual__2025-12-14T00:08:03+00:00 [queued]>
[2025-12-14T00:31:17.523+0000] {taskinstance.py:2613} INFO - Dependencies all met for dep_context=requeueable deps ti=<TaskInstance: socar_seismic_etl.load_to_sql manual__2025-12-14T00:08:03+00:00 [queued]>
[2025-12-14T00:31:17.523+0000] {taskinstance.py:2866} INFO - Starting attempt 1 of 3
[2025-12-14T00:31:17.532+0000] {taskinstance.py:2889} INFO - Executing <Task(PythonOperator): load_to_sql> on 2025-12-14 00:08:03+00:00
[2025-12-14T00:31:17.539+0000] {standard_task_runner.py:72} INFO - Started process 557 to run task
[2025-12-14T00:31:17.541+0000] {standard_task_runner.py:104} INFO - Running: ['***', 'tasks', 'run', 'socar_seismic_etl', 'load_to_sql', 'manual__2025-12-14T00:08:03+00:00', '--job-id', '35', '--raw', '--subdir', 'DAGS_FOLDER/socar_seismic_etl.py', '--cfg-path', '/tmp/tmpyf_q0u4o']
[2025-12-14T00:31:17.543+0000] {standard_task_runner.py:105} INFO - Job 35: Subtask load_to_sql
[2025-12-14T00:31:17.590+0000] {task_command.py:467} INFO - Running <TaskInstance: socar_seismic_etl.load_to_sql manual__2025-12-14T00:08:03+00:00 [running]> on host a965f30939f8
[2025-12-14T00:31:17.678+0000] {taskinstance.py:3132} INFO - Exporting env vars: AIRFLOW_CTX_DAG_OWNER='socar-hackathon' AIRFLOW_CTX_DAG_ID='socar_seismic_etl' AIRFLOW_CTX_TASK_ID='load_to_sql' AIRFLOW_CTX_EXECUTION_DATE='2025-12-14T00:08:03+00:00' AIRFLOW_CTX_TRY_NUMBER='1' AIRFLOW_CTX_DAG_RUN_ID='manual__2025-12-14T00:08:03+00:00'
[2025-12-14T00:31:17.679+0000] {taskinstance.py:731} INFO - ::endgroup::
[2025-12-14T00:31:17.689+0000] {logging_mixin.py:190} INFO - ======================================================================
[2025-12-14T00:31:17.689+0000] {logging_mixin.py:190} INFO - LOAD: PostgreSQL
[2025-12-14T00:31:17.689+0000] {logging_mixin.py:190} INFO - ======================================================================
[2025-12-14T00:31:17.942+0000] {logging_mixin.py:190} INFO - ✓ Loaded 20 records to PostgreSQL
[2025-12-14T00:31:17.942+0000] {logging_mixin.py:190} INFO -   Table: seismic_well_analytics
[2025-12-14T00:31:17.942+0000] {logging_mixin.py:190} INFO - ======================================================================
[2025-12-14T00:31:17.943+0000] {python.py:240} INFO - Done. Returned value was: 20
[2025-12-14T00:31:17.967+0000] {taskinstance.py:340} INFO - ::group::Post task execution logs
[2025-12-14T00:31:17.968+0000] {taskinstance.py:352} INFO - Marking task as SUCCESS. dag_id=socar_seismic_etl, task_id=load_to_sql, run_id=manual__2025-12-14T00:08:03+00:00, execution_date=20251214T000803, start_date=20251214T003117, end_date=20251214T003117
[2025-12-14T00:31:17.995+0000] {local_task_job_runner.py:266} INFO - Task exited with return code 0
[2025-12-14T00:31:18.014+0000] {taskinstance.py:3895} INFO - 0 downstream tasks scheduled from follow-on schedule check
[2025-12-14T00:31:18.016+0000] {local_task_job_runner.py:245} INFO - ::endgroup::
