[2025-12-14T00:43:49.375+0000] {local_task_job_runner.py:123} INFO - ::group::Pre task execution logs
[2025-12-14T00:43:49.390+0000] {taskinstance.py:2613} INFO - Dependencies all met for dep_context=non-requeueable deps ti=<TaskInstance: socar_seismic_etl.transform_data manual__2025-12-14T00:43:47+00:00 [queued]>
[2025-12-14T00:43:49.395+0000] {taskinstance.py:2613} INFO - Dependencies all met for dep_context=requeueable deps ti=<TaskInstance: socar_seismic_etl.transform_data manual__2025-12-14T00:43:47+00:00 [queued]>
[2025-12-14T00:43:49.395+0000] {taskinstance.py:2866} INFO - Starting attempt 1 of 3
[2025-12-14T00:43:49.403+0000] {taskinstance.py:2889} INFO - Executing <Task(PythonOperator): transform_data> on 2025-12-14 00:43:47+00:00
[2025-12-14T00:43:49.410+0000] {standard_task_runner.py:72} INFO - Started process 296 to run task
[2025-12-14T00:43:49.413+0000] {standard_task_runner.py:104} INFO - Running: ['***', 'tasks', 'run', 'socar_seismic_etl', 'transform_data', 'manual__2025-12-14T00:43:47+00:00', '--job-id', '80', '--raw', '--subdir', 'DAGS_FOLDER/socar_seismic_etl.py', '--cfg-path', '/tmp/tmpdl3uiffs']
[2025-12-14T00:43:49.414+0000] {standard_task_runner.py:105} INFO - Job 80: Subtask transform_data
[2025-12-14T00:43:49.454+0000] {task_command.py:467} INFO - Running <TaskInstance: socar_seismic_etl.transform_data manual__2025-12-14T00:43:47+00:00 [running]> on host a965f30939f8
[2025-12-14T00:43:49.529+0000] {taskinstance.py:3132} INFO - Exporting env vars: AIRFLOW_CTX_DAG_OWNER='socar-hackathon' AIRFLOW_CTX_DAG_ID='socar_seismic_etl' AIRFLOW_CTX_TASK_ID='transform_data' AIRFLOW_CTX_EXECUTION_DATE='2025-12-14T00:43:47+00:00' AIRFLOW_CTX_TRY_NUMBER='1' AIRFLOW_CTX_DAG_RUN_ID='manual__2025-12-14T00:43:47+00:00'
[2025-12-14T00:43:49.529+0000] {taskinstance.py:731} INFO - ::endgroup::
[2025-12-14T00:43:49.538+0000] {logging_mixin.py:190} INFO - ======================================================================
[2025-12-14T00:43:49.538+0000] {logging_mixin.py:190} INFO - TRANSFORM: Processing Data
[2025-12-14T00:43:49.538+0000] {logging_mixin.py:190} INFO - ======================================================================
[2025-12-14T00:43:49.693+0000] {logging_mixin.py:190} INFO - ✓ Detected 0 anomalies (0.00%)
[2025-12-14T00:43:49.702+0000] {logging_mixin.py:190} INFO - ✓ Processed 20 wells
[2025-12-14T00:43:49.714+0000] {logging_mixin.py:190} INFO - ======================================================================
[2025-12-14T00:43:49.715+0000] {python.py:240} INFO - Done. Returned value was: {'wells_processed': 20, 'anomalies_found': 0}
[2025-12-14T00:43:49.741+0000] {taskinstance.py:340} INFO - ::group::Post task execution logs
[2025-12-14T00:43:49.742+0000] {taskinstance.py:352} INFO - Marking task as SUCCESS. dag_id=socar_seismic_etl, task_id=transform_data, run_id=manual__2025-12-14T00:43:47+00:00, execution_date=20251214T004347, start_date=20251214T004349, end_date=20251214T004349
[2025-12-14T00:43:49.786+0000] {local_task_job_runner.py:266} INFO - Task exited with return code 0
[2025-12-14T00:43:49.810+0000] {taskinstance.py:3895} INFO - 3 downstream tasks scheduled from follow-on schedule check
[2025-12-14T00:43:49.811+0000] {local_task_job_runner.py:245} INFO - ::endgroup::
