[2025-12-14T00:32:07.646+0000] {local_task_job_runner.py:123} INFO - ::group::Pre task execution logs
[2025-12-14T00:32:07.662+0000] {taskinstance.py:2613} INFO - Dependencies all met for dep_context=non-requeueable deps ti=<TaskInstance: socar_seismic_etl.generate_report scheduled__2025-12-13T00:00:00+00:00 [queued]>
[2025-12-14T00:32:07.667+0000] {taskinstance.py:2613} INFO - Dependencies all met for dep_context=requeueable deps ti=<TaskInstance: socar_seismic_etl.generate_report scheduled__2025-12-13T00:00:00+00:00 [queued]>
[2025-12-14T00:32:07.667+0000] {taskinstance.py:2866} INFO - Starting attempt 1 of 3
[2025-12-14T00:32:07.675+0000] {taskinstance.py:2889} INFO - Executing <Task(PythonOperator): generate_report> on 2025-12-13 00:00:00+00:00
[2025-12-14T00:32:07.681+0000] {standard_task_runner.py:72} INFO - Started process 281 to run task
[2025-12-14T00:32:07.684+0000] {standard_task_runner.py:104} INFO - Running: ['***', 'tasks', 'run', 'socar_seismic_etl', 'generate_report', 'scheduled__2025-12-13T00:00:00+00:00', '--job-id', '64', '--raw', '--subdir', 'DAGS_FOLDER/socar_seismic_etl.py', '--cfg-path', '/tmp/tmpkes08mxj']
[2025-12-14T00:32:07.685+0000] {standard_task_runner.py:105} INFO - Job 64: Subtask generate_report
[2025-12-14T00:32:07.726+0000] {task_command.py:467} INFO - Running <TaskInstance: socar_seismic_etl.generate_report scheduled__2025-12-13T00:00:00+00:00 [running]> on host a965f30939f8
[2025-12-14T00:32:07.797+0000] {taskinstance.py:3132} INFO - Exporting env vars: AIRFLOW_CTX_DAG_OWNER='socar-hackathon' AIRFLOW_CTX_DAG_ID='socar_seismic_etl' AIRFLOW_CTX_TASK_ID='generate_report' AIRFLOW_CTX_EXECUTION_DATE='2025-12-13T00:00:00+00:00' AIRFLOW_CTX_TRY_NUMBER='1' AIRFLOW_CTX_DAG_RUN_ID='scheduled__2025-12-13T00:00:00+00:00'
[2025-12-14T00:32:07.798+0000] {taskinstance.py:731} INFO - ::endgroup::
[2025-12-14T00:32:07.806+0000] {logging_mixin.py:190} INFO - ======================================================================
[2025-12-14T00:32:07.806+0000] {logging_mixin.py:190} INFO - ETL PIPELINE REPORT
[2025-12-14T00:32:07.806+0000] {logging_mixin.py:190} INFO - ======================================================================
[2025-12-14T00:32:07.854+0000] {logging_mixin.py:190} INFO - 
📊 Summary:
[2025-12-14T00:32:07.854+0000] {logging_mixin.py:190} INFO -   Extracted: 10,820 measurements
[2025-12-14T00:32:07.854+0000] {logging_mixin.py:190} INFO -   Transformed: 20 wells
[2025-12-14T00:32:07.854+0000] {logging_mixin.py:190} INFO -   Anomalies: 0
[2025-12-14T00:32:07.854+0000] {logging_mixin.py:190} INFO -   PostgreSQL: 20 records
[2025-12-14T00:32:07.855+0000] {logging_mixin.py:190} INFO -   MongoDB: 10,000 documents
[2025-12-14T00:32:07.855+0000] {logging_mixin.py:190} INFO -   JSON: /opt/***/data/exports/well_analytics_20251214.json
[2025-12-14T00:32:07.855+0000] {logging_mixin.py:190} INFO - 
✅ Report saved: /opt/***/data/reports/etl_report_20251214_003207.json
[2025-12-14T00:32:07.855+0000] {logging_mixin.py:190} INFO - ======================================================================
[2025-12-14T00:32:07.855+0000] {python.py:240} INFO - Done. Returned value was: None
[2025-12-14T00:32:07.864+0000] {taskinstance.py:340} INFO - ::group::Post task execution logs
[2025-12-14T00:32:07.864+0000] {taskinstance.py:352} INFO - Marking task as SUCCESS. dag_id=socar_seismic_etl, task_id=generate_report, run_id=scheduled__2025-12-13T00:00:00+00:00, execution_date=20251213T000000, start_date=20251214T003207, end_date=20251214T003207
[2025-12-14T00:32:07.897+0000] {local_task_job_runner.py:266} INFO - Task exited with return code 0
[2025-12-14T00:32:07.913+0000] {taskinstance.py:3895} INFO - 0 downstream tasks scheduled from follow-on schedule check
[2025-12-14T00:32:07.915+0000] {local_task_job_runner.py:245} INFO - ::endgroup::
