[2025-12-14T05:33:42.051+0000] {local_task_job_runner.py:123} INFO - ::group::Pre task execution logs
[2025-12-14T05:33:42.066+0000] {taskinstance.py:2613} INFO - Dependencies all met for dep_context=non-requeueable deps ti=<TaskInstance: socar_seismic_etl_v2.extract_from_vault manual__2025-12-14T05:33:41.205430+00:00 [queued]>
[2025-12-14T05:33:42.071+0000] {taskinstance.py:2613} INFO - Dependencies all met for dep_context=requeueable deps ti=<TaskInstance: socar_seismic_etl_v2.extract_from_vault manual__2025-12-14T05:33:41.205430+00:00 [queued]>
[2025-12-14T05:33:42.071+0000] {taskinstance.py:2866} INFO - Starting attempt 1 of 3
[2025-12-14T05:33:42.079+0000] {taskinstance.py:2889} INFO - Executing <Task(PythonOperator): extract_from_vault> on 2025-12-14 05:33:41.205430+00:00
[2025-12-14T05:33:42.086+0000] {standard_task_runner.py:72} INFO - Started process 6829 to run task
[2025-12-14T05:33:42.088+0000] {standard_task_runner.py:104} INFO - Running: ['***', 'tasks', 'run', 'socar_seismic_etl_v2', 'extract_from_vault', 'manual__2025-12-14T05:33:41.205430+00:00', '--job-id', '98', '--raw', '--subdir', 'DAGS_FOLDER/socar_seismic_etl_v2.py', '--cfg-path', '/tmp/tmpzxdydcl2']
[2025-12-14T05:33:42.089+0000] {standard_task_runner.py:105} INFO - Job 98: Subtask extract_from_vault
[2025-12-14T05:33:42.128+0000] {task_command.py:467} INFO - Running <TaskInstance: socar_seismic_etl_v2.extract_from_vault manual__2025-12-14T05:33:41.205430+00:00 [running]> on host a965f30939f8
[2025-12-14T05:33:42.198+0000] {taskinstance.py:3132} INFO - Exporting env vars: AIRFLOW_CTX_DAG_OWNER='socar-hackathon' AIRFLOW_CTX_DAG_ID='socar_seismic_etl_v2' AIRFLOW_CTX_TASK_ID='extract_from_vault' AIRFLOW_CTX_EXECUTION_DATE='2025-12-14T05:33:41.205430+00:00' AIRFLOW_CTX_TRY_NUMBER='1' AIRFLOW_CTX_DAG_RUN_ID='manual__2025-12-14T05:33:41.205430+00:00'
[2025-12-14T05:33:42.199+0000] {taskinstance.py:731} INFO - ::endgroup::
[2025-12-14T05:33:42.212+0000] {logging_mixin.py:190} INFO - ======================================================================
[2025-12-14T05:33:42.212+0000] {logging_mixin.py:190} INFO - EXTRACT: Loading from Data Vault (V2)
[2025-12-14T05:33:42.212+0000] {logging_mixin.py:190} INFO - ======================================================================
[2025-12-14T05:33:42.220+0000] {taskinstance.py:3311} ERROR - Task failed with exception
Traceback (most recent call last):
  File "/home/airflow/.local/lib/python3.11/site-packages/airflow/models/taskinstance.py", line 767, in _execute_task
    result = _execute_callable(context=context, **execute_callable_kwargs)
             ^^^^^^^^^^^^^^^^^^^^^^^^^^^^^^^^^^^^^^^^^^^^^^^^^^^^^^^^^^^^^
  File "/home/airflow/.local/lib/python3.11/site-packages/airflow/models/taskinstance.py", line 733, in _execute_callable
    return ExecutionCallableRunner(
           ^^^^^^^^^^^^^^^^^^^^^^^^
  File "/home/airflow/.local/lib/python3.11/site-packages/airflow/utils/operator_helpers.py", line 252, in run
    return self.func(*args, **kwargs)
           ^^^^^^^^^^^^^^^^^^^^^^^^^^
  File "/home/airflow/.local/lib/python3.11/site-packages/airflow/models/baseoperator.py", line 422, in wrapper
    return func(self, *args, **kwargs)
           ^^^^^^^^^^^^^^^^^^^^^^^^^^^
  File "/home/airflow/.local/lib/python3.11/site-packages/airflow/operators/python.py", line 238, in execute
    return_value = self.execute_callable()
                   ^^^^^^^^^^^^^^^^^^^^^^^
  File "/home/airflow/.local/lib/python3.11/site-packages/airflow/operators/python.py", line 256, in execute_callable
    return runner.run(*self.op_args, **self.op_kwargs)
           ^^^^^^^^^^^^^^^^^^^^^^^^^^^^^^^^^^^^^^^^^^^
  File "/home/airflow/.local/lib/python3.11/site-packages/airflow/utils/operator_helpers.py", line 252, in run
    return self.func(*args, **kwargs)
           ^^^^^^^^^^^^^^^^^^^^^^^^^^
  File "/opt/airflow/dags/socar_seismic_etl_v2.py", line 33, in extract_from_vault
    measurements = pq.read_table(f'{vault_dir}/sat_seismic_measurements.parquet').to_pandas()
                   ^^^^^^^^^^^^^^^^^^^^^^^^^^^^^^^^^^^^^^^^^^^^^^^^^^^^^^^^^^^^^^
  File "/home/airflow/.local/lib/python3.11/site-packages/pyarrow/parquet/core.py", line 1762, in read_table
    dataset = ParquetDataset(
              ^^^^^^^^^^^^^^^
  File "/home/airflow/.local/lib/python3.11/site-packages/pyarrow/parquet/core.py", line 1340, in __init__
    self._dataset = ds.dataset(path_or_paths, filesystem=filesystem,
                    ^^^^^^^^^^^^^^^^^^^^^^^^^^^^^^^^^^^^^^^^^^^^^^^^
  File "/home/airflow/.local/lib/python3.11/site-packages/pyarrow/dataset.py", line 794, in dataset
    return _filesystem_dataset(source, **kwargs)
           ^^^^^^^^^^^^^^^^^^^^^^^^^^^^^^^^^^^^^
  File "/home/airflow/.local/lib/python3.11/site-packages/pyarrow/dataset.py", line 476, in _filesystem_dataset
    fs, paths_or_selector = _ensure_single_source(source, filesystem)
                            ^^^^^^^^^^^^^^^^^^^^^^^^^^^^^^^^^^^^^^^^^
  File "/home/airflow/.local/lib/python3.11/site-packages/pyarrow/dataset.py", line 441, in _ensure_single_source
    raise FileNotFoundError(path)
FileNotFoundError: /opt/***/../../track_2_data_vault/vault_data/sat_seismic_measurements.parquet
[2025-12-14T05:33:42.364+0000] {taskinstance.py:1225} INFO - Marking task as UP_FOR_RETRY. dag_id=socar_seismic_etl_v2, task_id=extract_from_vault, run_id=manual__2025-12-14T05:33:41.205430+00:00, execution_date=20251214T053341, start_date=20251214T053342, end_date=20251214T053342
[2025-12-14T05:33:42.375+0000] {taskinstance.py:340} INFO - ::group::Post task execution logs
[2025-12-14T05:33:42.375+0000] {standard_task_runner.py:124} ERROR - Failed to execute job 98 for task extract_from_vault (/opt/***/../../track_2_data_vault/vault_data/sat_seismic_measurements.parquet; 6829)
Traceback (most recent call last):
  File "/home/airflow/.local/lib/python3.11/site-packages/airflow/task/task_runner/standard_task_runner.py", line 117, in _start_by_fork
    ret = args.func(args, dag=self.dag)
          ^^^^^^^^^^^^^^^^^^^^^^^^^^^^^
  File "/home/airflow/.local/lib/python3.11/site-packages/airflow/cli/cli_config.py", line 49, in command
    return func(*args, **kwargs)
           ^^^^^^^^^^^^^^^^^^^^^
  File "/home/airflow/.local/lib/python3.11/site-packages/airflow/utils/cli.py", line 116, in wrapper
    return f(*args, **kwargs)
           ^^^^^^^^^^^^^^^^^^
  File "/home/airflow/.local/lib/python3.11/site-packages/airflow/cli/commands/task_command.py", line 483, in task_run
    task_return_code = _run_task_by_selected_method(args, _dag, ti)
                       ^^^^^^^^^^^^^^^^^^^^^^^^^^^^^^^^^^^^^^^^^^^^
  File "/home/airflow/.local/lib/python3.11/site-packages/airflow/cli/commands/task_command.py", line 256, in _run_task_by_selected_method
    return _run_raw_task(args, ti)
           ^^^^^^^^^^^^^^^^^^^^^^^
  File "/home/airflow/.local/lib/python3.11/site-packages/airflow/cli/commands/task_command.py", line 341, in _run_raw_task
    return ti._run_raw_task(
           ^^^^^^^^^^^^^^^^^
  File "/home/airflow/.local/lib/python3.11/site-packages/airflow/utils/session.py", line 97, in wrapper
    return func(*args, session=session, **kwargs)
           ^^^^^^^^^^^^^^^^^^^^^^^^^^^^^^^^^^^^^^
  File "/home/airflow/.local/lib/python3.11/site-packages/airflow/models/taskinstance.py", line 3005, in _run_raw_task
    return _run_raw_task(
           ^^^^^^^^^^^^^^
  File "/home/airflow/.local/lib/python3.11/site-packages/airflow/models/taskinstance.py", line 273, in _run_raw_task
    TaskInstance._execute_task_with_callbacks(
  File "/home/airflow/.local/lib/python3.11/site-packages/airflow/models/taskinstance.py", line 3159, in _execute_task_with_callbacks
    result = self._execute_task(context, task_orig)
             ^^^^^^^^^^^^^^^^^^^^^^^^^^^^^^^^^^^^^^
  File "/home/airflow/.local/lib/python3.11/site-packages/airflow/models/taskinstance.py", line 3183, in _execute_task
    return _execute_task(self, context, task_orig)
           ^^^^^^^^^^^^^^^^^^^^^^^^^^^^^^^^^^^^^^^
  File "/home/airflow/.local/lib/python3.11/site-packages/airflow/models/taskinstance.py", line 767, in _execute_task
    result = _execute_callable(context=context, **execute_callable_kwargs)
             ^^^^^^^^^^^^^^^^^^^^^^^^^^^^^^^^^^^^^^^^^^^^^^^^^^^^^^^^^^^^^
  File "/home/airflow/.local/lib/python3.11/site-packages/airflow/models/taskinstance.py", line 733, in _execute_callable
    return ExecutionCallableRunner(
           ^^^^^^^^^^^^^^^^^^^^^^^^
  File "/home/airflow/.local/lib/python3.11/site-packages/airflow/utils/operator_helpers.py", line 252, in run
    return self.func(*args, **kwargs)
           ^^^^^^^^^^^^^^^^^^^^^^^^^^
  File "/home/airflow/.local/lib/python3.11/site-packages/airflow/models/baseoperator.py", line 422, in wrapper
    return func(self, *args, **kwargs)
           ^^^^^^^^^^^^^^^^^^^^^^^^^^^
  File "/home/airflow/.local/lib/python3.11/site-packages/airflow/operators/python.py", line 238, in execute
    return_value = self.execute_callable()
                   ^^^^^^^^^^^^^^^^^^^^^^^
  File "/home/airflow/.local/lib/python3.11/site-packages/airflow/operators/python.py", line 256, in execute_callable
    return runner.run(*self.op_args, **self.op_kwargs)
           ^^^^^^^^^^^^^^^^^^^^^^^^^^^^^^^^^^^^^^^^^^^
  File "/home/airflow/.local/lib/python3.11/site-packages/airflow/utils/operator_helpers.py", line 252, in run
    return self.func(*args, **kwargs)
           ^^^^^^^^^^^^^^^^^^^^^^^^^^
  File "/opt/airflow/dags/socar_seismic_etl_v2.py", line 33, in extract_from_vault
    measurements = pq.read_table(f'{vault_dir}/sat_seismic_measurements.parquet').to_pandas()
                   ^^^^^^^^^^^^^^^^^^^^^^^^^^^^^^^^^^^^^^^^^^^^^^^^^^^^^^^^^^^^^^
  File "/home/airflow/.local/lib/python3.11/site-packages/pyarrow/parquet/core.py", line 1762, in read_table
    dataset = ParquetDataset(
              ^^^^^^^^^^^^^^^
  File "/home/airflow/.local/lib/python3.11/site-packages/pyarrow/parquet/core.py", line 1340, in __init__
    self._dataset = ds.dataset(path_or_paths, filesystem=filesystem,
                    ^^^^^^^^^^^^^^^^^^^^^^^^^^^^^^^^^^^^^^^^^^^^^^^^
  File "/home/airflow/.local/lib/python3.11/site-packages/pyarrow/dataset.py", line 794, in dataset
    return _filesystem_dataset(source, **kwargs)
           ^^^^^^^^^^^^^^^^^^^^^^^^^^^^^^^^^^^^^
  File "/home/airflow/.local/lib/python3.11/site-packages/pyarrow/dataset.py", line 476, in _filesystem_dataset
    fs, paths_or_selector = _ensure_single_source(source, filesystem)
                            ^^^^^^^^^^^^^^^^^^^^^^^^^^^^^^^^^^^^^^^^^
  File "/home/airflow/.local/lib/python3.11/site-packages/pyarrow/dataset.py", line 441, in _ensure_single_source
    raise FileNotFoundError(path)
FileNotFoundError: /opt/***/../../track_2_data_vault/vault_data/sat_seismic_measurements.parquet
[2025-12-14T05:33:42.421+0000] {local_task_job_runner.py:266} INFO - Task exited with return code 1
[2025-12-14T05:33:42.441+0000] {taskinstance.py:3895} INFO - 0 downstream tasks scheduled from follow-on schedule check
[2025-12-14T05:33:42.443+0000] {local_task_job_runner.py:245} INFO - ::endgroup::
