[2025-12-14T00:31:07.443+0000] {local_task_job_runner.py:123} INFO - ::group::Pre task execution logs
[2025-12-14T00:31:07.458+0000] {taskinstance.py:2613} INFO - Dependencies all met for dep_context=non-requeueable deps ti=<TaskInstance: socar_seismic_etl.load_to_sql manual__2025-12-14T00:01:25+00:00 [queued]>
[2025-12-14T00:31:07.464+0000] {taskinstance.py:2613} INFO - Dependencies all met for dep_context=requeueable deps ti=<TaskInstance: socar_seismic_etl.load_to_sql manual__2025-12-14T00:01:25+00:00 [queued]>
[2025-12-14T00:31:07.464+0000] {taskinstance.py:2866} INFO - Starting attempt 2 of 4
[2025-12-14T00:31:07.472+0000] {taskinstance.py:2889} INFO - Executing <Task(PythonOperator): load_to_sql> on 2025-12-14 00:01:25+00:00
[2025-12-14T00:31:07.479+0000] {standard_task_runner.py:72} INFO - Started process 384 to run task
[2025-12-14T00:31:07.485+0000] {standard_task_runner.py:104} INFO - Running: ['***', 'tasks', 'run', 'socar_seismic_etl', 'load_to_sql', 'manual__2025-12-14T00:01:25+00:00', '--job-id', '23', '--raw', '--subdir', 'DAGS_FOLDER/socar_seismic_etl.py', '--cfg-path', '/tmp/tmp1zukekw1']
[2025-12-14T00:31:07.487+0000] {standard_task_runner.py:105} INFO - Job 23: Subtask load_to_sql
[2025-12-14T00:31:07.533+0000] {task_command.py:467} INFO - Running <TaskInstance: socar_seismic_etl.load_to_sql manual__2025-12-14T00:01:25+00:00 [running]> on host a965f30939f8
[2025-12-14T00:31:07.615+0000] {taskinstance.py:3132} INFO - Exporting env vars: AIRFLOW_CTX_DAG_OWNER='socar-hackathon' AIRFLOW_CTX_DAG_ID='socar_seismic_etl' AIRFLOW_CTX_TASK_ID='load_to_sql' AIRFLOW_CTX_EXECUTION_DATE='2025-12-14T00:01:25+00:00' AIRFLOW_CTX_TRY_NUMBER='2' AIRFLOW_CTX_DAG_RUN_ID='manual__2025-12-14T00:01:25+00:00'
[2025-12-14T00:31:07.616+0000] {taskinstance.py:731} INFO - ::endgroup::
[2025-12-14T00:31:07.625+0000] {logging_mixin.py:190} INFO - ======================================================================
[2025-12-14T00:31:07.625+0000] {logging_mixin.py:190} INFO - LOAD: PostgreSQL
[2025-12-14T00:31:07.625+0000] {logging_mixin.py:190} INFO - ======================================================================
[2025-12-14T00:31:07.882+0000] {logging_mixin.py:190} INFO - ✓ Loaded 20 records to PostgreSQL
[2025-12-14T00:31:07.882+0000] {logging_mixin.py:190} INFO -   Table: seismic_well_analytics
[2025-12-14T00:31:07.882+0000] {logging_mixin.py:190} INFO - ======================================================================
[2025-12-14T00:31:07.883+0000] {python.py:240} INFO - Done. Returned value was: 20
[2025-12-14T00:31:07.906+0000] {taskinstance.py:340} INFO - ::group::Post task execution logs
[2025-12-14T00:31:07.907+0000] {taskinstance.py:352} INFO - Marking task as SUCCESS. dag_id=socar_seismic_etl, task_id=load_to_sql, run_id=manual__2025-12-14T00:01:25+00:00, execution_date=20251214T000125, start_date=20251214T003107, end_date=20251214T003107
[2025-12-14T00:31:07.936+0000] {local_task_job_runner.py:266} INFO - Task exited with return code 0
[2025-12-14T00:31:07.956+0000] {taskinstance.py:3895} INFO - 0 downstream tasks scheduled from follow-on schedule check
[2025-12-14T00:31:07.958+0000] {local_task_job_runner.py:245} INFO - ::endgroup::
