[2025-12-14T00:18:51.885+0000] {local_task_job_runner.py:123} INFO - ::group::Pre task execution logs
[2025-12-14T00:18:51.900+0000] {taskinstance.py:2613} INFO - Dependencies all met for dep_context=non-requeueable deps ti=<TaskInstance: socar_seismic_etl.transform_data manual__2025-12-14T00:01:25+00:00 [queued]>
[2025-12-14T00:18:51.905+0000] {taskinstance.py:2613} INFO - Dependencies all met for dep_context=requeueable deps ti=<TaskInstance: socar_seismic_etl.transform_data manual__2025-12-14T00:01:25+00:00 [queued]>
[2025-12-14T00:18:51.905+0000] {taskinstance.py:2866} INFO - Starting attempt 1 of 3
[2025-12-14T00:18:51.914+0000] {taskinstance.py:2889} INFO - Executing <Task(PythonOperator): transform_data> on 2025-12-14 00:01:25+00:00
[2025-12-14T00:18:51.920+0000] {standard_task_runner.py:72} INFO - Started process 703 to run task
[2025-12-14T00:18:51.922+0000] {standard_task_runner.py:104} INFO - Running: ['***', 'tasks', 'run', 'socar_seismic_etl', 'transform_data', 'manual__2025-12-14T00:01:25+00:00', '--job-id', '14', '--raw', '--subdir', 'DAGS_FOLDER/socar_seismic_etl.py', '--cfg-path', '/tmp/tmpk_7w7e1i']
[2025-12-14T00:18:51.923+0000] {standard_task_runner.py:105} INFO - Job 14: Subtask transform_data
[2025-12-14T00:18:51.962+0000] {task_command.py:467} INFO - Running <TaskInstance: socar_seismic_etl.transform_data manual__2025-12-14T00:01:25+00:00 [running]> on host a965f30939f8
[2025-12-14T00:18:52.033+0000] {taskinstance.py:3132} INFO - Exporting env vars: AIRFLOW_CTX_DAG_OWNER='socar-hackathon' AIRFLOW_CTX_DAG_ID='socar_seismic_etl' AIRFLOW_CTX_TASK_ID='transform_data' AIRFLOW_CTX_EXECUTION_DATE='2025-12-14T00:01:25+00:00' AIRFLOW_CTX_TRY_NUMBER='1' AIRFLOW_CTX_DAG_RUN_ID='manual__2025-12-14T00:01:25+00:00'
[2025-12-14T00:18:52.034+0000] {taskinstance.py:731} INFO - ::endgroup::
[2025-12-14T00:18:52.042+0000] {logging_mixin.py:190} INFO - ======================================================================
[2025-12-14T00:18:52.042+0000] {logging_mixin.py:190} INFO - TRANSFORM: Processing Data
[2025-12-14T00:18:52.042+0000] {logging_mixin.py:190} INFO - ======================================================================
[2025-12-14T00:18:52.190+0000] {logging_mixin.py:190} INFO - Available well columns: ['well_hash_key', 'well_id', 'load_timestamp', 'record_source']
[2025-12-14T00:18:52.192+0000] {logging_mixin.py:190} INFO - ✓ Detected 0 anomalies (0.00%)
[2025-12-14T00:18:52.200+0000] {logging_mixin.py:190} INFO - ✓ Processed 20 wells
[2025-12-14T00:18:52.212+0000] {logging_mixin.py:190} INFO - ======================================================================
[2025-12-14T00:18:52.213+0000] {python.py:240} INFO - Done. Returned value was: {'wells_processed': 20, 'anomalies_found': 0}
[2025-12-14T00:18:52.237+0000] {taskinstance.py:340} INFO - ::group::Post task execution logs
[2025-12-14T00:18:52.238+0000] {taskinstance.py:352} INFO - Marking task as SUCCESS. dag_id=socar_seismic_etl, task_id=transform_data, run_id=manual__2025-12-14T00:01:25+00:00, execution_date=20251214T000125, start_date=20251214T001851, end_date=20251214T001852
[2025-12-14T00:18:52.295+0000] {local_task_job_runner.py:266} INFO - Task exited with return code 0
[2025-12-14T00:18:52.318+0000] {taskinstance.py:3895} INFO - 3 downstream tasks scheduled from follow-on schedule check
[2025-12-14T00:18:52.320+0000] {local_task_job_runner.py:245} INFO - ::endgroup::
