[2025-12-14T00:31:06.368+0000] {local_task_job_runner.py:123} INFO - ::group::Pre task execution logs
[2025-12-14T00:31:06.383+0000] {taskinstance.py:2613} INFO - Dependencies all met for dep_context=non-requeueable deps ti=<TaskInstance: socar_seismic_etl.transform_data manual__2025-12-14T00:01:25+00:00 [queued]>
[2025-12-14T00:31:06.388+0000] {taskinstance.py:2613} INFO - Dependencies all met for dep_context=requeueable deps ti=<TaskInstance: socar_seismic_etl.transform_data manual__2025-12-14T00:01:25+00:00 [queued]>
[2025-12-14T00:31:06.388+0000] {taskinstance.py:2866} INFO - Starting attempt 2 of 4
[2025-12-14T00:31:06.397+0000] {taskinstance.py:2889} INFO - Executing <Task(PythonOperator): transform_data> on 2025-12-14 00:01:25+00:00
[2025-12-14T00:31:06.403+0000] {standard_task_runner.py:72} INFO - Started process 363 to run task
[2025-12-14T00:31:06.406+0000] {standard_task_runner.py:104} INFO - Running: ['***', 'tasks', 'run', 'socar_seismic_etl', 'transform_data', 'manual__2025-12-14T00:01:25+00:00', '--job-id', '22', '--raw', '--subdir', 'DAGS_FOLDER/socar_seismic_etl.py', '--cfg-path', '/tmp/tmpmjm34wxd']
[2025-12-14T00:31:06.407+0000] {standard_task_runner.py:105} INFO - Job 22: Subtask transform_data
[2025-12-14T00:31:06.449+0000] {task_command.py:467} INFO - Running <TaskInstance: socar_seismic_etl.transform_data manual__2025-12-14T00:01:25+00:00 [running]> on host a965f30939f8
[2025-12-14T00:31:06.533+0000] {taskinstance.py:3132} INFO - Exporting env vars: AIRFLOW_CTX_DAG_OWNER='socar-hackathon' AIRFLOW_CTX_DAG_ID='socar_seismic_etl' AIRFLOW_CTX_TASK_ID='transform_data' AIRFLOW_CTX_EXECUTION_DATE='2025-12-14T00:01:25+00:00' AIRFLOW_CTX_TRY_NUMBER='2' AIRFLOW_CTX_DAG_RUN_ID='manual__2025-12-14T00:01:25+00:00'
[2025-12-14T00:31:06.534+0000] {taskinstance.py:731} INFO - ::endgroup::
[2025-12-14T00:31:06.543+0000] {logging_mixin.py:190} INFO - ======================================================================
[2025-12-14T00:31:06.543+0000] {logging_mixin.py:190} INFO - TRANSFORM: Processing Data
[2025-12-14T00:31:06.543+0000] {logging_mixin.py:190} INFO - ======================================================================
[2025-12-14T00:31:06.716+0000] {logging_mixin.py:190} INFO - ✓ Detected 0 anomalies (0.00%)
[2025-12-14T00:31:06.724+0000] {logging_mixin.py:190} INFO - ✓ Processed 20 wells
[2025-12-14T00:31:06.736+0000] {logging_mixin.py:190} INFO - ======================================================================
[2025-12-14T00:31:06.736+0000] {python.py:240} INFO - Done. Returned value was: {'wells_processed': 20, 'anomalies_found': 0}
[2025-12-14T00:31:06.761+0000] {taskinstance.py:340} INFO - ::group::Post task execution logs
[2025-12-14T00:31:06.761+0000] {taskinstance.py:352} INFO - Marking task as SUCCESS. dag_id=socar_seismic_etl, task_id=transform_data, run_id=manual__2025-12-14T00:01:25+00:00, execution_date=20251214T000125, start_date=20251214T003106, end_date=20251214T003106
[2025-12-14T00:31:06.819+0000] {local_task_job_runner.py:266} INFO - Task exited with return code 0
[2025-12-14T00:31:06.842+0000] {taskinstance.py:3895} INFO - 3 downstream tasks scheduled from follow-on schedule check
[2025-12-14T00:31:06.844+0000] {local_task_job_runner.py:245} INFO - ::endgroup::
