[2025-12-14T00:08:47.279+0000] {local_task_job_runner.py:123} INFO - ::group::Pre task execution logs
[2025-12-14T00:08:47.296+0000] {taskinstance.py:2613} INFO - Dependencies all met for dep_context=non-requeueable deps ti=<TaskInstance: socar_seismic_etl.load_to_json manual__2025-12-13T23:58:42.599147+00:00 [queued]>
[2025-12-14T00:08:47.301+0000] {taskinstance.py:2613} INFO - Dependencies all met for dep_context=requeueable deps ti=<TaskInstance: socar_seismic_etl.load_to_json manual__2025-12-13T23:58:42.599147+00:00 [queued]>
[2025-12-14T00:08:47.301+0000] {taskinstance.py:2866} INFO - Starting attempt 1 of 3
[2025-12-14T00:08:47.310+0000] {taskinstance.py:2889} INFO - Executing <Task(PythonOperator): load_to_json> on 2025-12-13 23:58:42.599147+00:00
[2025-12-14T00:08:47.316+0000] {standard_task_runner.py:72} INFO - Started process 252 to run task
[2025-12-14T00:08:47.319+0000] {standard_task_runner.py:104} INFO - Running: ['***', 'tasks', 'run', 'socar_seismic_etl', 'load_to_json', 'manual__2025-12-13T23:58:42.599147+00:00', '--job-id', '8', '--raw', '--subdir', 'DAGS_FOLDER/socar_seismic_etl.py', '--cfg-path', '/tmp/tmpta87nd_8']
[2025-12-14T00:08:47.322+0000] {standard_task_runner.py:105} INFO - Job 8: Subtask load_to_json
[2025-12-14T00:08:47.365+0000] {task_command.py:467} INFO - Running <TaskInstance: socar_seismic_etl.load_to_json manual__2025-12-13T23:58:42.599147+00:00 [running]> on host a965f30939f8
[2025-12-14T00:08:47.449+0000] {taskinstance.py:3132} INFO - Exporting env vars: AIRFLOW_CTX_DAG_OWNER='socar-hackathon' AIRFLOW_CTX_DAG_ID='socar_seismic_etl' AIRFLOW_CTX_TASK_ID='load_to_json' AIRFLOW_CTX_EXECUTION_DATE='2025-12-13T23:58:42.599147+00:00' AIRFLOW_CTX_TRY_NUMBER='1' AIRFLOW_CTX_DAG_RUN_ID='manual__2025-12-13T23:58:42.599147+00:00'
[2025-12-14T00:08:47.449+0000] {taskinstance.py:731} INFO - ::endgroup::
[2025-12-14T00:08:47.458+0000] {logging_mixin.py:190} INFO - ======================================================================
[2025-12-14T00:08:47.458+0000] {logging_mixin.py:190} INFO - LOAD: JSON Export
[2025-12-14T00:08:47.458+0000] {logging_mixin.py:190} INFO - ======================================================================
[2025-12-14T00:08:47.648+0000] {logging_mixin.py:190} INFO - ✓ Exported 20 wells
[2025-12-14T00:08:47.648+0000] {logging_mixin.py:190} INFO -   File: /opt/***/data/exports/well_analytics_20251214.json
[2025-12-14T00:08:47.648+0000] {logging_mixin.py:190} INFO - ======================================================================
[2025-12-14T00:08:47.648+0000] {python.py:240} INFO - Done. Returned value was: /opt/***/data/exports/well_analytics_20251214.json
[2025-12-14T00:08:47.673+0000] {taskinstance.py:340} INFO - ::group::Post task execution logs
[2025-12-14T00:08:47.674+0000] {taskinstance.py:352} INFO - Marking task as SUCCESS. dag_id=socar_seismic_etl, task_id=load_to_json, run_id=manual__2025-12-13T23:58:42.599147+00:00, execution_date=20251213T235842, start_date=20251214T000847, end_date=20251214T000847
[2025-12-14T00:08:47.733+0000] {local_task_job_runner.py:266} INFO - Task exited with return code 0
[2025-12-14T00:08:47.744+0000] {local_task_job_runner.py:245} INFO - ::endgroup::
