[2025-12-14T00:31:48.678+0000] {local_task_job_runner.py:123} INFO - ::group::Pre task execution logs
[2025-12-14T00:31:48.693+0000] {taskinstance.py:2613} INFO - Dependencies all met for dep_context=non-requeueable deps ti=<TaskInstance: socar_seismic_etl.extract_from_vault scheduled__2025-12-13T00:00:00+00:00 [queued]>
[2025-12-14T00:31:48.698+0000] {taskinstance.py:2613} INFO - Dependencies all met for dep_context=requeueable deps ti=<TaskInstance: socar_seismic_etl.extract_from_vault scheduled__2025-12-13T00:00:00+00:00 [queued]>
[2025-12-14T00:31:48.698+0000] {taskinstance.py:2866} INFO - Starting attempt 1 of 3
[2025-12-14T00:31:48.706+0000] {taskinstance.py:2889} INFO - Executing <Task(PythonOperator): extract_from_vault> on 2025-12-13 00:00:00+00:00
[2025-12-14T00:31:48.712+0000] {standard_task_runner.py:72} INFO - Started process 857 to run task
[2025-12-14T00:31:48.714+0000] {standard_task_runner.py:104} INFO - Running: ['***', 'tasks', 'run', 'socar_seismic_etl', 'extract_from_vault', 'scheduled__2025-12-13T00:00:00+00:00', '--job-id', '57', '--raw', '--subdir', 'DAGS_FOLDER/socar_seismic_etl.py', '--cfg-path', '/tmp/tmp7iyeijbp']
[2025-12-14T00:31:48.716+0000] {standard_task_runner.py:105} INFO - Job 57: Subtask extract_from_vault
[2025-12-14T00:31:48.757+0000] {task_command.py:467} INFO - Running <TaskInstance: socar_seismic_etl.extract_from_vault scheduled__2025-12-13T00:00:00+00:00 [running]> on host a965f30939f8
[2025-12-14T00:31:48.830+0000] {taskinstance.py:3132} INFO - Exporting env vars: AIRFLOW_CTX_DAG_OWNER='socar-hackathon' AIRFLOW_CTX_DAG_ID='socar_seismic_etl' AIRFLOW_CTX_TASK_ID='extract_from_vault' AIRFLOW_CTX_EXECUTION_DATE='2025-12-13T00:00:00+00:00' AIRFLOW_CTX_TRY_NUMBER='1' AIRFLOW_CTX_DAG_RUN_ID='scheduled__2025-12-13T00:00:00+00:00'
[2025-12-14T00:31:48.830+0000] {taskinstance.py:731} INFO - ::endgroup::
[2025-12-14T00:31:48.844+0000] {logging_mixin.py:190} INFO - ======================================================================
[2025-12-14T00:31:48.844+0000] {logging_mixin.py:190} INFO - EXTRACT: Loading from Data Vault
[2025-12-14T00:31:48.844+0000] {logging_mixin.py:190} INFO - ======================================================================
[2025-12-14T00:31:48.860+0000] {logging_mixin.py:190} INFO - ✓ Loaded 10,820 measurements
[2025-12-14T00:31:49.018+0000] {logging_mixin.py:190} INFO - ✓ Loaded 20 wells
[2025-12-14T00:31:49.032+0000] {logging_mixin.py:190} INFO - ======================================================================
[2025-12-14T00:31:49.032+0000] {python.py:240} INFO - Done. Returned value was: {'measurements': 10820, 'wells': 20}
[2025-12-14T00:31:49.058+0000] {taskinstance.py:340} INFO - ::group::Post task execution logs
[2025-12-14T00:31:49.058+0000] {taskinstance.py:352} INFO - Marking task as SUCCESS. dag_id=socar_seismic_etl, task_id=extract_from_vault, run_id=scheduled__2025-12-13T00:00:00+00:00, execution_date=20251213T000000, start_date=20251214T003148, end_date=20251214T003149
[2025-12-14T00:31:49.088+0000] {local_task_job_runner.py:266} INFO - Task exited with return code 0
[2025-12-14T00:31:49.110+0000] {taskinstance.py:3895} INFO - 1 downstream tasks scheduled from follow-on schedule check
[2025-12-14T00:31:49.112+0000] {local_task_job_runner.py:245} INFO - ::endgroup::
[2025-12-14T00:32:04.455+0000] {local_task_job_runner.py:123} INFO - ::group::Pre task execution logs
[2025-12-14T00:32:04.471+0000] {taskinstance.py:2613} INFO - Dependencies all met for dep_context=non-requeueable deps ti=<TaskInstance: socar_seismic_etl.extract_from_vault scheduled__2025-12-13T00:00:00+00:00 [queued]>
[2025-12-14T00:32:04.475+0000] {taskinstance.py:2613} INFO - Dependencies all met for dep_context=requeueable deps ti=<TaskInstance: socar_seismic_etl.extract_from_vault scheduled__2025-12-13T00:00:00+00:00 [queued]>
[2025-12-14T00:32:04.475+0000] {taskinstance.py:2866} INFO - Starting attempt 1 of 3
[2025-12-14T00:32:04.484+0000] {taskinstance.py:2889} INFO - Executing <Task(PythonOperator): extract_from_vault> on 2025-12-13 00:00:00+00:00
[2025-12-14T00:32:04.490+0000] {standard_task_runner.py:72} INFO - Started process 199 to run task
[2025-12-14T00:32:04.492+0000] {standard_task_runner.py:104} INFO - Running: ['***', 'tasks', 'run', 'socar_seismic_etl', 'extract_from_vault', 'scheduled__2025-12-13T00:00:00+00:00', '--job-id', '59', '--raw', '--subdir', 'DAGS_FOLDER/socar_seismic_etl.py', '--cfg-path', '/tmp/tmpfxdbxg2o']
[2025-12-14T00:32:04.494+0000] {standard_task_runner.py:105} INFO - Job 59: Subtask extract_from_vault
[2025-12-14T00:32:04.535+0000] {task_command.py:467} INFO - Running <TaskInstance: socar_seismic_etl.extract_from_vault scheduled__2025-12-13T00:00:00+00:00 [running]> on host a965f30939f8
[2025-12-14T00:32:04.610+0000] {taskinstance.py:3132} INFO - Exporting env vars: AIRFLOW_CTX_DAG_OWNER='socar-hackathon' AIRFLOW_CTX_DAG_ID='socar_seismic_etl' AIRFLOW_CTX_TASK_ID='extract_from_vault' AIRFLOW_CTX_EXECUTION_DATE='2025-12-13T00:00:00+00:00' AIRFLOW_CTX_TRY_NUMBER='1' AIRFLOW_CTX_DAG_RUN_ID='scheduled__2025-12-13T00:00:00+00:00'
[2025-12-14T00:32:04.611+0000] {taskinstance.py:731} INFO - ::endgroup::
[2025-12-14T00:32:04.625+0000] {logging_mixin.py:190} INFO - ======================================================================
[2025-12-14T00:32:04.626+0000] {logging_mixin.py:190} INFO - EXTRACT: Loading from Data Vault
[2025-12-14T00:32:04.626+0000] {logging_mixin.py:190} INFO - ======================================================================
[2025-12-14T00:32:04.795+0000] {logging_mixin.py:190} INFO - ✓ Loaded 10,820 measurements
[2025-12-14T00:32:04.796+0000] {logging_mixin.py:190} INFO - ✓ Loaded 20 wells
[2025-12-14T00:32:04.808+0000] {logging_mixin.py:190} INFO - ======================================================================
[2025-12-14T00:32:04.809+0000] {python.py:240} INFO - Done. Returned value was: {'measurements': 10820, 'wells': 20}
[2025-12-14T00:32:04.834+0000] {taskinstance.py:340} INFO - ::group::Post task execution logs
[2025-12-14T00:32:04.834+0000] {taskinstance.py:352} INFO - Marking task as SUCCESS. dag_id=socar_seismic_etl, task_id=extract_from_vault, run_id=scheduled__2025-12-13T00:00:00+00:00, execution_date=20251213T000000, start_date=20251214T003204, end_date=20251214T003204
[2025-12-14T00:32:04.866+0000] {local_task_job_runner.py:266} INFO - Task exited with return code 0
[2025-12-14T00:32:04.888+0000] {taskinstance.py:3895} INFO - 1 downstream tasks scheduled from follow-on schedule check
[2025-12-14T00:32:04.890+0000] {local_task_job_runner.py:245} INFO - ::endgroup::
