[2025-12-14T01:28:13.568+0000] {local_task_job_runner.py:123} INFO - ::group::Pre task execution logs
[2025-12-14T01:28:13.583+0000] {taskinstance.py:2613} INFO - Dependencies all met for dep_context=non-requeueable deps ti=<TaskInstance: socar_seismic_etl.extract_from_vault manual__2025-12-14T01:28:12.698499+00:00 [queued]>
[2025-12-14T01:28:13.588+0000] {taskinstance.py:2613} INFO - Dependencies all met for dep_context=requeueable deps ti=<TaskInstance: socar_seismic_etl.extract_from_vault manual__2025-12-14T01:28:12.698499+00:00 [queued]>
[2025-12-14T01:28:13.589+0000] {taskinstance.py:2866} INFO - Starting attempt 1 of 3
[2025-12-14T01:28:13.598+0000] {taskinstance.py:2889} INFO - Executing <Task(PythonOperator): extract_from_vault> on 2025-12-14 01:28:12.698499+00:00
[2025-12-14T01:28:13.605+0000] {standard_task_runner.py:72} INFO - Started process 868 to run task
[2025-12-14T01:28:13.608+0000] {standard_task_runner.py:104} INFO - Running: ['***', 'tasks', 'run', 'socar_seismic_etl', 'extract_from_vault', 'manual__2025-12-14T01:28:12.698499+00:00', '--job-id', '92', '--raw', '--subdir', 'DAGS_FOLDER/socar_seismic_etl.py', '--cfg-path', '/tmp/tmpa69dopwv']
[2025-12-14T01:28:13.610+0000] {standard_task_runner.py:105} INFO - Job 92: Subtask extract_from_vault
[2025-12-14T01:28:13.657+0000] {task_command.py:467} INFO - Running <TaskInstance: socar_seismic_etl.extract_from_vault manual__2025-12-14T01:28:12.698499+00:00 [running]> on host a965f30939f8
[2025-12-14T01:28:13.743+0000] {taskinstance.py:3132} INFO - Exporting env vars: AIRFLOW_CTX_DAG_OWNER='socar-hackathon' AIRFLOW_CTX_DAG_ID='socar_seismic_etl' AIRFLOW_CTX_TASK_ID='extract_from_vault' AIRFLOW_CTX_EXECUTION_DATE='2025-12-14T01:28:12.698499+00:00' AIRFLOW_CTX_TRY_NUMBER='1' AIRFLOW_CTX_DAG_RUN_ID='manual__2025-12-14T01:28:12.698499+00:00'
[2025-12-14T01:28:13.744+0000] {taskinstance.py:731} INFO - ::endgroup::
[2025-12-14T01:28:13.759+0000] {logging_mixin.py:190} INFO - ======================================================================
[2025-12-14T01:28:13.759+0000] {logging_mixin.py:190} INFO - EXTRACT: Loading from Data Vault
[2025-12-14T01:28:13.759+0000] {logging_mixin.py:190} INFO - ======================================================================
[2025-12-14T01:28:13.952+0000] {logging_mixin.py:190} INFO - ✓ Loaded 10,820 measurements
[2025-12-14T01:28:13.952+0000] {logging_mixin.py:190} INFO - ✓ Loaded 20 wells
[2025-12-14T01:28:13.966+0000] {logging_mixin.py:190} INFO - ======================================================================
[2025-12-14T01:28:13.966+0000] {python.py:240} INFO - Done. Returned value was: {'measurements': 10820, 'wells': 20}
[2025-12-14T01:28:13.994+0000] {taskinstance.py:340} INFO - ::group::Post task execution logs
[2025-12-14T01:28:13.994+0000] {taskinstance.py:352} INFO - Marking task as SUCCESS. dag_id=socar_seismic_etl, task_id=extract_from_vault, run_id=manual__2025-12-14T01:28:12.698499+00:00, execution_date=20251214T012812, start_date=20251214T012813, end_date=20251214T012813
[2025-12-14T01:28:14.022+0000] {local_task_job_runner.py:266} INFO - Task exited with return code 0
[2025-12-14T01:28:14.045+0000] {taskinstance.py:3895} INFO - 1 downstream tasks scheduled from follow-on schedule check
[2025-12-14T01:28:14.047+0000] {local_task_job_runner.py:245} INFO - ::endgroup::
