[2025-12-13T19:20:35.584+0000] {processor.py:161} INFO - Started process (PID=189) to work on /opt/airflow/dags/ml_training_pipeline.py
[2025-12-13T19:20:35.585+0000] {processor.py:830} INFO - Processing file /opt/airflow/dags/ml_training_pipeline.py for tasks to queue
[2025-12-13T19:20:35.585+0000] {logging_mixin.py:188} INFO - [2025-12-13T19:20:35.585+0000] {dagbag.py:538} INFO - Filling up the DagBag from /opt/airflow/dags/ml_training_pipeline.py
[2025-12-13T19:20:36.419+0000] {processor.py:840} INFO - DAG(s) 'ml_training_pipeline' retrieved from /opt/airflow/dags/ml_training_pipeline.py
[2025-12-13T19:20:36.497+0000] {logging_mixin.py:188} INFO - [2025-12-13T19:20:36.496+0000] {override.py:1769} INFO - Created Permission View: can edit on DAG:ml_training_pipeline
[2025-12-13T19:20:36.502+0000] {logging_mixin.py:188} INFO - [2025-12-13T19:20:36.502+0000] {override.py:1769} INFO - Created Permission View: can delete on DAG:ml_training_pipeline
[2025-12-13T19:20:36.512+0000] {logging_mixin.py:188} INFO - [2025-12-13T19:20:36.512+0000] {override.py:1769} INFO - Created Permission View: can read on DAG:ml_training_pipeline
[2025-12-13T19:20:36.512+0000] {logging_mixin.py:188} INFO - [2025-12-13T19:20:36.512+0000] {dag.py:3033} INFO - Sync 1 DAGs
[2025-12-13T19:20:36.518+0000] {logging_mixin.py:188} INFO - [2025-12-13T19:20:36.518+0000] {dag.py:3055} INFO - Creating ORM DAG for ml_training_pipeline
[2025-12-13T19:20:36.524+0000] {logging_mixin.py:188} INFO - [2025-12-13T19:20:36.524+0000] {dag.py:3820} INFO - Setting next_dagrun for ml_training_pipeline to 2025-12-14T00:00:00+00:00, run_after=2025-12-21T00:00:00+00:00
[2025-12-13T19:20:36.534+0000] {processor.py:183} INFO - Processing /opt/airflow/dags/ml_training_pipeline.py took 0.953 seconds
[2025-12-13T19:21:06.992+0000] {processor.py:161} INFO - Started process (PID=215) to work on /opt/airflow/dags/ml_training_pipeline.py
[2025-12-13T19:21:06.993+0000] {processor.py:830} INFO - Processing file /opt/airflow/dags/ml_training_pipeline.py for tasks to queue
[2025-12-13T19:21:06.993+0000] {logging_mixin.py:188} INFO - [2025-12-13T19:21:06.993+0000] {dagbag.py:538} INFO - Filling up the DagBag from /opt/airflow/dags/ml_training_pipeline.py
[2025-12-13T19:21:07.173+0000] {processor.py:840} INFO - DAG(s) 'ml_training_pipeline' retrieved from /opt/airflow/dags/ml_training_pipeline.py
[2025-12-13T19:21:07.192+0000] {logging_mixin.py:188} INFO - [2025-12-13T19:21:07.192+0000] {dag.py:3033} INFO - Sync 1 DAGs
[2025-12-13T19:21:07.205+0000] {logging_mixin.py:188} INFO - [2025-12-13T19:21:07.205+0000] {dag.py:3820} INFO - Setting next_dagrun for ml_training_pipeline to 2025-12-14T00:00:00+00:00, run_after=2025-12-21T00:00:00+00:00
[2025-12-13T19:21:07.216+0000] {processor.py:183} INFO - Processing /opt/airflow/dags/ml_training_pipeline.py took 0.226 seconds
[2025-12-13T19:21:37.353+0000] {processor.py:161} INFO - Started process (PID=238) to work on /opt/airflow/dags/ml_training_pipeline.py
[2025-12-13T19:21:37.353+0000] {processor.py:830} INFO - Processing file /opt/airflow/dags/ml_training_pipeline.py for tasks to queue
[2025-12-13T19:21:37.354+0000] {logging_mixin.py:188} INFO - [2025-12-13T19:21:37.353+0000] {dagbag.py:538} INFO - Filling up the DagBag from /opt/airflow/dags/ml_training_pipeline.py
[2025-12-13T19:21:37.533+0000] {processor.py:840} INFO - DAG(s) 'ml_training_pipeline' retrieved from /opt/airflow/dags/ml_training_pipeline.py
[2025-12-13T19:21:37.551+0000] {logging_mixin.py:188} INFO - [2025-12-13T19:21:37.551+0000] {dag.py:3033} INFO - Sync 1 DAGs
[2025-12-13T19:21:37.564+0000] {logging_mixin.py:188} INFO - [2025-12-13T19:21:37.564+0000] {dag.py:3820} INFO - Setting next_dagrun for ml_training_pipeline to 2025-12-14T00:00:00+00:00, run_after=2025-12-21T00:00:00+00:00
[2025-12-13T19:21:37.576+0000] {processor.py:183} INFO - Processing /opt/airflow/dags/ml_training_pipeline.py took 0.225 seconds
[2025-12-13T19:22:07.713+0000] {processor.py:161} INFO - Started process (PID=261) to work on /opt/airflow/dags/ml_training_pipeline.py
[2025-12-13T19:22:07.713+0000] {processor.py:830} INFO - Processing file /opt/airflow/dags/ml_training_pipeline.py for tasks to queue
[2025-12-13T19:22:07.714+0000] {logging_mixin.py:188} INFO - [2025-12-13T19:22:07.714+0000] {dagbag.py:538} INFO - Filling up the DagBag from /opt/airflow/dags/ml_training_pipeline.py
[2025-12-13T19:22:07.893+0000] {processor.py:840} INFO - DAG(s) 'ml_training_pipeline' retrieved from /opt/airflow/dags/ml_training_pipeline.py
[2025-12-13T19:22:07.912+0000] {logging_mixin.py:188} INFO - [2025-12-13T19:22:07.912+0000] {dag.py:3033} INFO - Sync 1 DAGs
[2025-12-13T19:22:07.926+0000] {logging_mixin.py:188} INFO - [2025-12-13T19:22:07.926+0000] {dag.py:3820} INFO - Setting next_dagrun for ml_training_pipeline to 2025-12-14T00:00:00+00:00, run_after=2025-12-21T00:00:00+00:00
[2025-12-13T19:22:07.937+0000] {processor.py:183} INFO - Processing /opt/airflow/dags/ml_training_pipeline.py took 0.227 seconds
[2025-12-13T19:22:38.074+0000] {processor.py:161} INFO - Started process (PID=284) to work on /opt/airflow/dags/ml_training_pipeline.py
[2025-12-13T19:22:38.075+0000] {processor.py:830} INFO - Processing file /opt/airflow/dags/ml_training_pipeline.py for tasks to queue
[2025-12-13T19:22:38.075+0000] {logging_mixin.py:188} INFO - [2025-12-13T19:22:38.075+0000] {dagbag.py:538} INFO - Filling up the DagBag from /opt/airflow/dags/ml_training_pipeline.py
[2025-12-13T19:22:38.255+0000] {processor.py:840} INFO - DAG(s) 'ml_training_pipeline' retrieved from /opt/airflow/dags/ml_training_pipeline.py
[2025-12-13T19:22:38.274+0000] {logging_mixin.py:188} INFO - [2025-12-13T19:22:38.273+0000] {dag.py:3033} INFO - Sync 1 DAGs
[2025-12-13T19:22:38.287+0000] {logging_mixin.py:188} INFO - [2025-12-13T19:22:38.287+0000] {dag.py:3820} INFO - Setting next_dagrun for ml_training_pipeline to 2025-12-14T00:00:00+00:00, run_after=2025-12-21T00:00:00+00:00
[2025-12-13T19:22:38.298+0000] {processor.py:183} INFO - Processing /opt/airflow/dags/ml_training_pipeline.py took 0.226 seconds
[2025-12-13T19:23:08.434+0000] {processor.py:161} INFO - Started process (PID=307) to work on /opt/airflow/dags/ml_training_pipeline.py
[2025-12-13T19:23:08.435+0000] {processor.py:830} INFO - Processing file /opt/airflow/dags/ml_training_pipeline.py for tasks to queue
[2025-12-13T19:23:08.435+0000] {logging_mixin.py:188} INFO - [2025-12-13T19:23:08.435+0000] {dagbag.py:538} INFO - Filling up the DagBag from /opt/airflow/dags/ml_training_pipeline.py
[2025-12-13T19:23:08.616+0000] {processor.py:840} INFO - DAG(s) 'ml_training_pipeline' retrieved from /opt/airflow/dags/ml_training_pipeline.py
[2025-12-13T19:23:08.634+0000] {logging_mixin.py:188} INFO - [2025-12-13T19:23:08.634+0000] {dag.py:3033} INFO - Sync 1 DAGs
[2025-12-13T19:23:08.648+0000] {logging_mixin.py:188} INFO - [2025-12-13T19:23:08.648+0000] {dag.py:3820} INFO - Setting next_dagrun for ml_training_pipeline to 2025-12-14T00:00:00+00:00, run_after=2025-12-21T00:00:00+00:00
[2025-12-13T19:23:08.659+0000] {processor.py:183} INFO - Processing /opt/airflow/dags/ml_training_pipeline.py took 0.226 seconds
[2025-12-13T19:23:38.795+0000] {processor.py:161} INFO - Started process (PID=330) to work on /opt/airflow/dags/ml_training_pipeline.py
[2025-12-13T19:23:38.795+0000] {processor.py:830} INFO - Processing file /opt/airflow/dags/ml_training_pipeline.py for tasks to queue
[2025-12-13T19:23:38.796+0000] {logging_mixin.py:188} INFO - [2025-12-13T19:23:38.795+0000] {dagbag.py:538} INFO - Filling up the DagBag from /opt/airflow/dags/ml_training_pipeline.py
[2025-12-13T19:23:38.977+0000] {processor.py:840} INFO - DAG(s) 'ml_training_pipeline' retrieved from /opt/airflow/dags/ml_training_pipeline.py
[2025-12-13T19:23:38.995+0000] {logging_mixin.py:188} INFO - [2025-12-13T19:23:38.994+0000] {dag.py:3033} INFO - Sync 1 DAGs
[2025-12-13T19:23:39.008+0000] {logging_mixin.py:188} INFO - [2025-12-13T19:23:39.008+0000] {dag.py:3820} INFO - Setting next_dagrun for ml_training_pipeline to 2025-12-14T00:00:00+00:00, run_after=2025-12-21T00:00:00+00:00
[2025-12-13T19:23:39.019+0000] {processor.py:183} INFO - Processing /opt/airflow/dags/ml_training_pipeline.py took 0.226 seconds
[2025-12-13T19:24:09.157+0000] {processor.py:161} INFO - Started process (PID=353) to work on /opt/airflow/dags/ml_training_pipeline.py
[2025-12-13T19:24:09.162+0000] {processor.py:830} INFO - Processing file /opt/airflow/dags/ml_training_pipeline.py for tasks to queue
[2025-12-13T19:24:09.162+0000] {logging_mixin.py:188} INFO - [2025-12-13T19:24:09.162+0000] {dagbag.py:538} INFO - Filling up the DagBag from /opt/airflow/dags/ml_training_pipeline.py
[2025-12-13T19:24:09.342+0000] {processor.py:840} INFO - DAG(s) 'ml_training_pipeline' retrieved from /opt/airflow/dags/ml_training_pipeline.py
[2025-12-13T19:24:09.361+0000] {logging_mixin.py:188} INFO - [2025-12-13T19:24:09.360+0000] {dag.py:3033} INFO - Sync 1 DAGs
[2025-12-13T19:24:09.375+0000] {logging_mixin.py:188} INFO - [2025-12-13T19:24:09.375+0000] {dag.py:3820} INFO - Setting next_dagrun for ml_training_pipeline to 2025-12-14T00:00:00+00:00, run_after=2025-12-21T00:00:00+00:00
[2025-12-13T19:24:09.386+0000] {processor.py:183} INFO - Processing /opt/airflow/dags/ml_training_pipeline.py took 0.230 seconds
[2025-12-13T19:24:39.524+0000] {processor.py:161} INFO - Started process (PID=376) to work on /opt/airflow/dags/ml_training_pipeline.py
[2025-12-13T19:24:39.524+0000] {processor.py:830} INFO - Processing file /opt/airflow/dags/ml_training_pipeline.py for tasks to queue
[2025-12-13T19:24:39.524+0000] {logging_mixin.py:188} INFO - [2025-12-13T19:24:39.524+0000] {dagbag.py:538} INFO - Filling up the DagBag from /opt/airflow/dags/ml_training_pipeline.py
[2025-12-13T19:24:39.705+0000] {processor.py:840} INFO - DAG(s) 'ml_training_pipeline' retrieved from /opt/airflow/dags/ml_training_pipeline.py
[2025-12-13T19:24:39.724+0000] {logging_mixin.py:188} INFO - [2025-12-13T19:24:39.724+0000] {dag.py:3033} INFO - Sync 1 DAGs
[2025-12-13T19:24:39.737+0000] {logging_mixin.py:188} INFO - [2025-12-13T19:24:39.737+0000] {dag.py:3820} INFO - Setting next_dagrun for ml_training_pipeline to 2025-12-14T00:00:00+00:00, run_after=2025-12-21T00:00:00+00:00
[2025-12-13T19:24:39.749+0000] {processor.py:183} INFO - Processing /opt/airflow/dags/ml_training_pipeline.py took 0.227 seconds
[2025-12-13T19:25:09.884+0000] {processor.py:161} INFO - Started process (PID=399) to work on /opt/airflow/dags/ml_training_pipeline.py
[2025-12-13T19:25:09.885+0000] {processor.py:830} INFO - Processing file /opt/airflow/dags/ml_training_pipeline.py for tasks to queue
[2025-12-13T19:25:09.885+0000] {logging_mixin.py:188} INFO - [2025-12-13T19:25:09.885+0000] {dagbag.py:538} INFO - Filling up the DagBag from /opt/airflow/dags/ml_training_pipeline.py
[2025-12-13T19:25:10.066+0000] {processor.py:840} INFO - DAG(s) 'ml_training_pipeline' retrieved from /opt/airflow/dags/ml_training_pipeline.py
[2025-12-13T19:25:10.085+0000] {logging_mixin.py:188} INFO - [2025-12-13T19:25:10.084+0000] {dag.py:3033} INFO - Sync 1 DAGs
[2025-12-13T19:25:10.099+0000] {logging_mixin.py:188} INFO - [2025-12-13T19:25:10.099+0000] {dag.py:3820} INFO - Setting next_dagrun for ml_training_pipeline to 2025-12-14T00:00:00+00:00, run_after=2025-12-21T00:00:00+00:00
[2025-12-13T19:25:10.111+0000] {processor.py:183} INFO - Processing /opt/airflow/dags/ml_training_pipeline.py took 0.228 seconds
[2025-12-13T19:25:40.254+0000] {processor.py:161} INFO - Started process (PID=422) to work on /opt/airflow/dags/ml_training_pipeline.py
[2025-12-13T19:25:40.255+0000] {processor.py:830} INFO - Processing file /opt/airflow/dags/ml_training_pipeline.py for tasks to queue
[2025-12-13T19:25:40.255+0000] {logging_mixin.py:188} INFO - [2025-12-13T19:25:40.255+0000] {dagbag.py:538} INFO - Filling up the DagBag from /opt/airflow/dags/ml_training_pipeline.py
[2025-12-13T19:25:40.436+0000] {processor.py:840} INFO - DAG(s) 'ml_training_pipeline' retrieved from /opt/airflow/dags/ml_training_pipeline.py
[2025-12-13T19:25:40.454+0000] {logging_mixin.py:188} INFO - [2025-12-13T19:25:40.454+0000] {dag.py:3033} INFO - Sync 1 DAGs
[2025-12-13T19:25:40.468+0000] {logging_mixin.py:188} INFO - [2025-12-13T19:25:40.468+0000] {dag.py:3820} INFO - Setting next_dagrun for ml_training_pipeline to 2025-12-14T00:00:00+00:00, run_after=2025-12-21T00:00:00+00:00
[2025-12-13T19:25:40.479+0000] {processor.py:183} INFO - Processing /opt/airflow/dags/ml_training_pipeline.py took 0.227 seconds
[2025-12-13T19:26:10.616+0000] {processor.py:161} INFO - Started process (PID=445) to work on /opt/airflow/dags/ml_training_pipeline.py
[2025-12-13T19:26:10.620+0000] {processor.py:830} INFO - Processing file /opt/airflow/dags/ml_training_pipeline.py for tasks to queue
[2025-12-13T19:26:10.621+0000] {logging_mixin.py:188} INFO - [2025-12-13T19:26:10.621+0000] {dagbag.py:538} INFO - Filling up the DagBag from /opt/airflow/dags/ml_training_pipeline.py
[2025-12-13T19:26:10.800+0000] {processor.py:840} INFO - DAG(s) 'ml_training_pipeline' retrieved from /opt/airflow/dags/ml_training_pipeline.py
[2025-12-13T19:26:10.818+0000] {logging_mixin.py:188} INFO - [2025-12-13T19:26:10.818+0000] {dag.py:3033} INFO - Sync 1 DAGs
[2025-12-13T19:26:10.832+0000] {logging_mixin.py:188} INFO - [2025-12-13T19:26:10.832+0000] {dag.py:3820} INFO - Setting next_dagrun for ml_training_pipeline to 2025-12-14T00:00:00+00:00, run_after=2025-12-21T00:00:00+00:00
[2025-12-13T19:26:10.843+0000] {processor.py:183} INFO - Processing /opt/airflow/dags/ml_training_pipeline.py took 0.229 seconds
[2025-12-13T19:26:40.981+0000] {processor.py:161} INFO - Started process (PID=468) to work on /opt/airflow/dags/ml_training_pipeline.py
[2025-12-13T19:26:40.982+0000] {processor.py:830} INFO - Processing file /opt/airflow/dags/ml_training_pipeline.py for tasks to queue
[2025-12-13T19:26:40.982+0000] {logging_mixin.py:188} INFO - [2025-12-13T19:26:40.982+0000] {dagbag.py:538} INFO - Filling up the DagBag from /opt/airflow/dags/ml_training_pipeline.py
[2025-12-13T19:26:41.163+0000] {processor.py:840} INFO - DAG(s) 'ml_training_pipeline' retrieved from /opt/airflow/dags/ml_training_pipeline.py
[2025-12-13T19:26:41.181+0000] {logging_mixin.py:188} INFO - [2025-12-13T19:26:41.180+0000] {dag.py:3033} INFO - Sync 1 DAGs
[2025-12-13T19:26:41.195+0000] {logging_mixin.py:188} INFO - [2025-12-13T19:26:41.194+0000] {dag.py:3820} INFO - Setting next_dagrun for ml_training_pipeline to 2025-12-14T00:00:00+00:00, run_after=2025-12-21T00:00:00+00:00
[2025-12-13T19:26:41.207+0000] {processor.py:183} INFO - Processing /opt/airflow/dags/ml_training_pipeline.py took 0.228 seconds
