[2025-12-13T23:57:19.499+0000] {processor.py:186} INFO - Started process (PID=191) to work on /opt/airflow/dags/socar_seismic_etl.py
[2025-12-13T23:57:19.499+0000] {processor.py:914} INFO - Processing file /opt/airflow/dags/socar_seismic_etl.py for tasks to queue
[2025-12-13T23:57:19.501+0000] {logging_mixin.py:190} INFO - [2025-12-13T23:57:19.500+0000] {dagbag.py:588} INFO - Filling up the DagBag from /opt/airflow/dags/socar_seismic_etl.py
[2025-12-13T23:57:20.327+0000] {processor.py:925} INFO - DAG(s) 'socar_seismic_etl' retrieved from /opt/airflow/dags/socar_seismic_etl.py
[2025-12-13T23:57:20.509+0000] {logging_mixin.py:190} INFO - [2025-12-13T23:57:20.509+0000] {override.py:1911} INFO - Created Permission View: can read on DAG:socar_seismic_etl
[2025-12-13T23:57:20.516+0000] {logging_mixin.py:190} INFO - [2025-12-13T23:57:20.515+0000] {override.py:1911} INFO - Created Permission View: can delete on DAG:socar_seismic_etl
[2025-12-13T23:57:20.521+0000] {logging_mixin.py:190} INFO - [2025-12-13T23:57:20.521+0000] {override.py:1911} INFO - Created Permission View: can edit on DAG:socar_seismic_etl
[2025-12-13T23:57:20.527+0000] {logging_mixin.py:190} INFO - [2025-12-13T23:57:20.527+0000] {override.py:1911} INFO - Created Permission View: can read on DAG Run:socar_seismic_etl
[2025-12-13T23:57:20.531+0000] {logging_mixin.py:190} INFO - [2025-12-13T23:57:20.531+0000] {override.py:1911} INFO - Created Permission View: can delete on DAG Run:socar_seismic_etl
[2025-12-13T23:57:20.535+0000] {logging_mixin.py:190} INFO - [2025-12-13T23:57:20.535+0000] {override.py:1911} INFO - Created Permission View: menu access on DAG Run:socar_seismic_etl
[2025-12-13T23:57:20.539+0000] {logging_mixin.py:190} INFO - [2025-12-13T23:57:20.539+0000] {override.py:1911} INFO - Created Permission View: can create on DAG Run:socar_seismic_etl
[2025-12-13T23:57:20.540+0000] {logging_mixin.py:190} INFO - [2025-12-13T23:57:20.539+0000] {dag.py:3239} INFO - Sync 1 DAGs
[2025-12-13T23:57:20.549+0000] {logging_mixin.py:190} INFO - [2025-12-13T23:57:20.549+0000] {dag.py:3262} INFO - Creating ORM DAG for socar_seismic_etl
[2025-12-13T23:57:20.557+0000] {logging_mixin.py:190} INFO - [2025-12-13T23:57:20.557+0000] {dag.py:4180} INFO - Setting next_dagrun for socar_seismic_etl to 2025-12-13 00:00:00+00:00, run_after=2025-12-14 00:00:00+00:00
[2025-12-13T23:57:20.571+0000] {processor.py:208} INFO - Processing /opt/airflow/dags/socar_seismic_etl.py took 1.076 seconds
[2025-12-13T23:57:50.626+0000] {processor.py:186} INFO - Started process (PID=203) to work on /opt/airflow/dags/socar_seismic_etl.py
[2025-12-13T23:57:50.626+0000] {processor.py:914} INFO - Processing file /opt/airflow/dags/socar_seismic_etl.py for tasks to queue
[2025-12-13T23:57:50.628+0000] {logging_mixin.py:190} INFO - [2025-12-13T23:57:50.627+0000] {dagbag.py:588} INFO - Filling up the DagBag from /opt/airflow/dags/socar_seismic_etl.py
[2025-12-13T23:57:50.821+0000] {processor.py:925} INFO - DAG(s) 'socar_seismic_etl' retrieved from /opt/airflow/dags/socar_seismic_etl.py
[2025-12-13T23:57:50.843+0000] {logging_mixin.py:190} INFO - [2025-12-13T23:57:50.843+0000] {dag.py:3239} INFO - Sync 1 DAGs
[2025-12-13T23:57:50.861+0000] {logging_mixin.py:190} INFO - [2025-12-13T23:57:50.861+0000] {dag.py:4180} INFO - Setting next_dagrun for socar_seismic_etl to 2025-12-13 00:00:00+00:00, run_after=2025-12-14 00:00:00+00:00
[2025-12-13T23:57:50.874+0000] {processor.py:208} INFO - Processing /opt/airflow/dags/socar_seismic_etl.py took 0.252 seconds
[2025-12-13T23:58:20.993+0000] {processor.py:186} INFO - Started process (PID=215) to work on /opt/airflow/dags/socar_seismic_etl.py
[2025-12-13T23:58:20.994+0000] {processor.py:914} INFO - Processing file /opt/airflow/dags/socar_seismic_etl.py for tasks to queue
[2025-12-13T23:58:20.996+0000] {logging_mixin.py:190} INFO - [2025-12-13T23:58:20.995+0000] {dagbag.py:588} INFO - Filling up the DagBag from /opt/airflow/dags/socar_seismic_etl.py
[2025-12-13T23:58:21.188+0000] {processor.py:925} INFO - DAG(s) 'socar_seismic_etl' retrieved from /opt/airflow/dags/socar_seismic_etl.py
[2025-12-13T23:58:21.210+0000] {logging_mixin.py:190} INFO - [2025-12-13T23:58:21.210+0000] {dag.py:3239} INFO - Sync 1 DAGs
[2025-12-13T23:58:21.228+0000] {logging_mixin.py:190} INFO - [2025-12-13T23:58:21.228+0000] {dag.py:4180} INFO - Setting next_dagrun for socar_seismic_etl to 2025-12-13 00:00:00+00:00, run_after=2025-12-14 00:00:00+00:00
[2025-12-13T23:58:21.240+0000] {processor.py:208} INFO - Processing /opt/airflow/dags/socar_seismic_etl.py took 0.251 seconds
[2025-12-13T23:58:51.366+0000] {processor.py:186} INFO - Started process (PID=257) to work on /opt/airflow/dags/socar_seismic_etl.py
[2025-12-13T23:58:51.367+0000] {processor.py:914} INFO - Processing file /opt/airflow/dags/socar_seismic_etl.py for tasks to queue
[2025-12-13T23:58:51.369+0000] {logging_mixin.py:190} INFO - [2025-12-13T23:58:51.368+0000] {dagbag.py:588} INFO - Filling up the DagBag from /opt/airflow/dags/socar_seismic_etl.py
[2025-12-13T23:58:51.562+0000] {processor.py:925} INFO - DAG(s) 'socar_seismic_etl' retrieved from /opt/airflow/dags/socar_seismic_etl.py
[2025-12-13T23:58:51.584+0000] {logging_mixin.py:190} INFO - [2025-12-13T23:58:51.584+0000] {dag.py:3239} INFO - Sync 1 DAGs
[2025-12-13T23:58:51.614+0000] {processor.py:208} INFO - Processing /opt/airflow/dags/socar_seismic_etl.py took 0.252 seconds
[2025-12-13T23:59:21.734+0000] {processor.py:186} INFO - Started process (PID=269) to work on /opt/airflow/dags/socar_seismic_etl.py
[2025-12-13T23:59:21.735+0000] {processor.py:914} INFO - Processing file /opt/airflow/dags/socar_seismic_etl.py for tasks to queue
[2025-12-13T23:59:21.736+0000] {logging_mixin.py:190} INFO - [2025-12-13T23:59:21.736+0000] {dagbag.py:588} INFO - Filling up the DagBag from /opt/airflow/dags/socar_seismic_etl.py
[2025-12-13T23:59:21.928+0000] {processor.py:925} INFO - DAG(s) 'socar_seismic_etl' retrieved from /opt/airflow/dags/socar_seismic_etl.py
[2025-12-13T23:59:21.951+0000] {logging_mixin.py:190} INFO - [2025-12-13T23:59:21.951+0000] {dag.py:3239} INFO - Sync 1 DAGs
[2025-12-13T23:59:21.981+0000] {processor.py:208} INFO - Processing /opt/airflow/dags/socar_seismic_etl.py took 0.251 seconds
[2025-12-13T23:59:52.092+0000] {processor.py:186} INFO - Started process (PID=281) to work on /opt/airflow/dags/socar_seismic_etl.py
[2025-12-13T23:59:52.093+0000] {processor.py:914} INFO - Processing file /opt/airflow/dags/socar_seismic_etl.py for tasks to queue
[2025-12-13T23:59:52.094+0000] {logging_mixin.py:190} INFO - [2025-12-13T23:59:52.094+0000] {dagbag.py:588} INFO - Filling up the DagBag from /opt/airflow/dags/socar_seismic_etl.py
[2025-12-13T23:59:52.286+0000] {processor.py:925} INFO - DAG(s) 'socar_seismic_etl' retrieved from /opt/airflow/dags/socar_seismic_etl.py
[2025-12-13T23:59:52.309+0000] {logging_mixin.py:190} INFO - [2025-12-13T23:59:52.309+0000] {dag.py:3239} INFO - Sync 1 DAGs
[2025-12-13T23:59:52.338+0000] {processor.py:208} INFO - Processing /opt/airflow/dags/socar_seismic_etl.py took 0.249 seconds
