[2025-12-14T00:31:17.512+0000] {local_task_job_runner.py:123} INFO - ::group::Pre task execution logs
[2025-12-14T00:31:17.528+0000] {taskinstance.py:2613} INFO - Dependencies all met for dep_context=non-requeueable deps ti=<TaskInstance: socar_seismic_etl.load_to_nosql manual__2025-12-14T00:08:03+00:00 [queued]>
[2025-12-14T00:31:17.533+0000] {taskinstance.py:2613} INFO - Dependencies all met for dep_context=requeueable deps ti=<TaskInstance: socar_seismic_etl.load_to_nosql manual__2025-12-14T00:08:03+00:00 [queued]>
[2025-12-14T00:31:17.533+0000] {taskinstance.py:2866} INFO - Starting attempt 1 of 3
[2025-12-14T00:31:17.542+0000] {taskinstance.py:2889} INFO - Executing <Task(PythonOperator): load_to_nosql> on 2025-12-14 00:08:03+00:00
[2025-12-14T00:31:17.547+0000] {standard_task_runner.py:72} INFO - Started process 560 to run task
[2025-12-14T00:31:17.549+0000] {standard_task_runner.py:104} INFO - Running: ['***', 'tasks', 'run', 'socar_seismic_etl', 'load_to_nosql', 'manual__2025-12-14T00:08:03+00:00', '--job-id', '37', '--raw', '--subdir', 'DAGS_FOLDER/socar_seismic_etl.py', '--cfg-path', '/tmp/tmpre__4mlk']
[2025-12-14T00:31:17.551+0000] {standard_task_runner.py:105} INFO - Job 37: Subtask load_to_nosql
[2025-12-14T00:31:17.597+0000] {task_command.py:467} INFO - Running <TaskInstance: socar_seismic_etl.load_to_nosql manual__2025-12-14T00:08:03+00:00 [running]> on host a965f30939f8
[2025-12-14T00:31:17.684+0000] {taskinstance.py:3132} INFO - Exporting env vars: AIRFLOW_CTX_DAG_OWNER='socar-hackathon' AIRFLOW_CTX_DAG_ID='socar_seismic_etl' AIRFLOW_CTX_TASK_ID='load_to_nosql' AIRFLOW_CTX_EXECUTION_DATE='2025-12-14T00:08:03+00:00' AIRFLOW_CTX_TRY_NUMBER='1' AIRFLOW_CTX_DAG_RUN_ID='manual__2025-12-14T00:08:03+00:00'
[2025-12-14T00:31:17.685+0000] {taskinstance.py:731} INFO - ::endgroup::
[2025-12-14T00:31:17.933+0000] {logging_mixin.py:190} INFO - ======================================================================
[2025-12-14T00:31:17.933+0000] {logging_mixin.py:190} INFO - LOAD: MongoDB
[2025-12-14T00:31:17.933+0000] {logging_mixin.py:190} INFO - ======================================================================
[2025-12-14T00:31:18.016+0000] {logging_mixin.py:190} INFO - ✓ Cleared 10000 old records
[2025-12-14T00:31:18.053+0000] {logging_mixin.py:190} INFO - ✓ Inserting 10,000 documents...
[2025-12-14T00:31:18.127+0000] {logging_mixin.py:190} INFO - ✓ Inserted 10,000 documents to MongoDB
[2025-12-14T00:31:18.127+0000] {logging_mixin.py:190} INFO -   Database: socar_seismic
[2025-12-14T00:31:18.127+0000] {logging_mixin.py:190} INFO -   Collection: measurements
[2025-12-14T00:31:18.127+0000] {logging_mixin.py:190} INFO - ======================================================================
[2025-12-14T00:31:18.130+0000] {python.py:240} INFO - Done. Returned value was: 10000
[2025-12-14T00:31:18.153+0000] {taskinstance.py:340} INFO - ::group::Post task execution logs
[2025-12-14T00:31:18.153+0000] {taskinstance.py:352} INFO - Marking task as SUCCESS. dag_id=socar_seismic_etl, task_id=load_to_nosql, run_id=manual__2025-12-14T00:08:03+00:00, execution_date=20251214T000803, start_date=20251214T003117, end_date=20251214T003118
[2025-12-14T00:31:18.204+0000] {local_task_job_runner.py:266} INFO - Task exited with return code 0
[2025-12-14T00:31:18.224+0000] {taskinstance.py:3895} INFO - 1 downstream tasks scheduled from follow-on schedule check
[2025-12-14T00:31:18.225+0000] {local_task_job_runner.py:245} INFO - ::endgroup::
